Archive member included to satisfy reference by file (symbol)

/Applications/STM32CubeIDE.app/Contents/Eclipse/plugins/com.st.stm32cube.ide.mcu.externaltools.gnu-tools-for-stm32.12.3.rel1.macos64_1.0.200.202406191456/tools/bin/../lib/gcc/arm-none-eabi/12.3.1/../../../../arm-none-eabi/lib/thumb/v7e-m+fp/hard/libc_nano.a(libc_a-exit.o)
                              /Applications/STM32CubeIDE.app/Contents/Eclipse/plugins/com.st.stm32cube.ide.mcu.externaltools.gnu-tools-for-stm32.12.3.rel1.macos64_1.0.200.202406191456/tools/bin/../lib/gcc/arm-none-eabi/12.3.1/../../../../arm-none-eabi/lib/thumb/v7e-m+fp/hard/crt0.o (exit)
/Applications/STM32CubeIDE.app/Contents/Eclipse/plugins/com.st.stm32cube.ide.mcu.externaltools.gnu-tools-for-stm32.12.3.rel1.macos64_1.0.200.202406191456/tools/bin/../lib/gcc/arm-none-eabi/12.3.1/../../../../arm-none-eabi/lib/thumb/v7e-m+fp/hard/libc_nano.a(libc_a-nano-vfprintf_float.o)
                              (_printf_float)
/Applications/STM32CubeIDE.app/Contents/Eclipse/plugins/com.st.stm32cube.ide.mcu.externaltools.gnu-tools-for-stm32.12.3.rel1.macos64_1.0.200.202406191456/tools/bin/../lib/gcc/arm-none-eabi/12.3.1/../../../../arm-none-eabi/lib/thumb/v7e-m+fp/hard/libc_nano.a(libc_a-nano-vfprintf_i.o)
                              /Applications/STM32CubeIDE.app/Contents/Eclipse/plugins/com.st.stm32cube.ide.mcu.externaltools.gnu-tools-for-stm32.12.3.rel1.macos64_1.0.200.202406191456/tools/bin/../lib/gcc/arm-none-eabi/12.3.1/../../../../arm-none-eabi/lib/thumb/v7e-m+fp/hard/libc_nano.a(libc_a-nano-vfprintf_float.o) (_printf_common)
/Applications/STM32CubeIDE.app/Contents/Eclipse/plugins/com.st.stm32cube.ide.mcu.externaltools.gnu-tools-for-stm32.12.3.rel1.macos64_1.0.200.202406191456/tools/bin/../lib/gcc/arm-none-eabi/12.3.1/../../../../arm-none-eabi/lib/thumb/v7e-m+fp/hard/libc_nano.a(libc_a-sprintf.o)
                              ./Core/Src/main.o (sprintf)
/Applications/STM32CubeIDE.app/Contents/Eclipse/plugins/com.st.stm32cube.ide.mcu.externaltools.gnu-tools-for-stm32.12.3.rel1.macos64_1.0.200.202406191456/tools/bin/../lib/gcc/arm-none-eabi/12.3.1/../../../../arm-none-eabi/lib/thumb/v7e-m+fp/hard/libc_nano.a(libc_a-findfp.o)
                              ./Middlewares/Third_Party/FreeRTOS/Source/tasks.o (__sf)
/Applications/STM32CubeIDE.app/Contents/Eclipse/plugins/com.st.stm32cube.ide.mcu.externaltools.gnu-tools-for-stm32.12.3.rel1.macos64_1.0.200.202406191456/tools/bin/../lib/gcc/arm-none-eabi/12.3.1/../../../../arm-none-eabi/lib/thumb/v7e-m+fp/hard/libc_nano.a(libc_a-fwalk.o)
                              /Applications/STM32CubeIDE.app/Contents/Eclipse/plugins/com.st.stm32cube.ide.mcu.externaltools.gnu-tools-for-stm32.12.3.rel1.macos64_1.0.200.202406191456/tools/bin/../lib/gcc/arm-none-eabi/12.3.1/../../../../arm-none-eabi/lib/thumb/v7e-m+fp/hard/libc_nano.a(libc_a-findfp.o) (_fwalk_sglue)
/Applications/STM32CubeIDE.app/Contents/Eclipse/plugins/com.st.stm32cube.ide.mcu.externaltools.gnu-tools-for-stm32.12.3.rel1.macos64_1.0.200.202406191456/tools/bin/../lib/gcc/arm-none-eabi/12.3.1/../../../../arm-none-eabi/lib/thumb/v7e-m+fp/hard/libc_nano.a(libc_a-vsnprintf.o)
                              ./Core/Src/main.o (vsnprintf)
/Applications/STM32CubeIDE.app/Contents/Eclipse/plugins/com.st.stm32cube.ide.mcu.externaltools.gnu-tools-for-stm32.12.3.rel1.macos64_1.0.200.202406191456/tools/bin/../lib/gcc/arm-none-eabi/12.3.1/../../../../arm-none-eabi/lib/thumb/v7e-m+fp/hard/libc_nano.a(libc_a-memset.o)
                              /Applications/STM32CubeIDE.app/Contents/Eclipse/plugins/com.st.stm32cube.ide.mcu.externaltools.gnu-tools-for-stm32.12.3.rel1.macos64_1.0.200.202406191456/tools/bin/../lib/gcc/arm-none-eabi/12.3.1/../../../../arm-none-eabi/lib/thumb/v7e-m+fp/hard/crt0.o (memset)
/Applications/STM32CubeIDE.app/Contents/Eclipse/plugins/com.st.stm32cube.ide.mcu.externaltools.gnu-tools-for-stm32.12.3.rel1.macos64_1.0.200.202406191456/tools/bin/../lib/gcc/arm-none-eabi/12.3.1/../../../../arm-none-eabi/lib/thumb/v7e-m+fp/hard/libc_nano.a(libc_a-localeconv.o)
                              /Applications/STM32CubeIDE.app/Contents/Eclipse/plugins/com.st.stm32cube.ide.mcu.externaltools.gnu-tools-for-stm32.12.3.rel1.macos64_1.0.200.202406191456/tools/bin/../lib/gcc/arm-none-eabi/12.3.1/../../../../arm-none-eabi/lib/thumb/v7e-m+fp/hard/libc_nano.a(libc_a-nano-vfprintf_float.o) (_localeconv_r)
/Applications/STM32CubeIDE.app/Contents/Eclipse/plugins/com.st.stm32cube.ide.mcu.externaltools.gnu-tools-for-stm32.12.3.rel1.macos64_1.0.200.202406191456/tools/bin/../lib/gcc/arm-none-eabi/12.3.1/../../../../arm-none-eabi/lib/thumb/v7e-m+fp/hard/libc_nano.a(libc_a-reent.o)
                              ./Middlewares/Third_Party/FreeRTOS/Source/tasks.o (_reclaim_reent)
[...]
Memory Configuration

Name             Origin             Length             Attributes
RAM              0x20000000         0x00040000         xrw
FLASH            0x08000000         0x00080000         xr
*default*        0x00000000         0xffffffff

Linker script and memory map

LOAD /Applications/STM32CubeIDE.app/Contents/Eclipse/plugins/com.st.stm32cube.ide.mcu.externaltools.gnu-tools-for-stm32.12.3.rel1.macos64_1.0.200.202406191456/tools/bin/../lib/gcc/arm-none-eabi/12.3.1/thumb/v7e-m+fp/hard/crti.o
LOAD /Applications/STM32CubeIDE.app/Contents/Eclipse/plugins/com.st.stm32cube.ide.mcu.externaltools.gnu-tools-for-stm32.12.3.rel1.macos64_1.0.200.202406191456/tools/bin/../lib/gcc/arm-none-eabi/12.3.1/thumb/v7e-m+fp/hard/crtbegin.o
LOAD /Applications/STM32CubeIDE.app/Contents/Eclipse/plugins/com.st.stm32cube.ide.mcu.externaltools.gnu-tools-for-stm32.12.3.rel1.macos64_1.0.200.202406191456/tools/bin/../lib/gcc/arm-none-eabi/12.3.1/../../../../arm-none-eabi/lib/thumb/v7e-m+fp/hard/crt0.o
LOAD ./Core/Src/freertos.o
LOAD ./Core/Src/main.o
LOAD ./Core/Src/stm32f7xx_hal_msp.o
LOAD ./Core/Src/stm32f7xx_hal_timebase_tim.o
LOAD ./Core/Src/stm32f7xx_it.o
LOAD ./Core/Src/syscalls.o
LOAD ./Core/Src/sysmem.o
LOAD ./Core/Src/system_stm32f7xx.o
LOAD ./Core/Startup/startup_stm32f722zetx.o
LOAD ./Drivers/STM32F7xx_HAL_Driver/Src/stm32f7xx_hal.o
LOAD ./Drivers/STM32F7xx_HAL_Driver/Src/stm32f7xx_hal_cortex.o
LOAD ./Drivers/STM32F7xx_HAL_Driver/Src/stm32f7xx_hal_dma.o
LOAD ./Drivers/STM32F7xx_HAL_Driver/Src/stm32f7xx_hal_dma_ex.o
LOAD ./Drivers/STM32F7xx_HAL_Driver/Src/stm32f7xx_hal_exti.o
LOAD ./Drivers/STM32F7xx_HAL_Driver/Src/stm32f7xx_hal_flash.o
LOAD ./Drivers/STM32F7xx_HAL_Driver/Src/stm32f7xx_hal_flash_ex.o
LOAD ./Drivers/STM32F7xx_HAL_Driver/Src/stm32f7xx_hal_gpio.o
LOAD ./Drivers/STM32F7xx_HAL_Driver/Src/stm32f7xx_hal_i2c.o
LOAD ./Drivers/STM32F7xx_HAL_Driver/Src/stm32f7xx_hal_i2c_ex.o
LOAD ./Drivers/STM32F7xx_HAL_Driver/Src/stm32f7xx_hal_pwr.o
LOAD ./Drivers/STM32F7xx_HAL_Driver/Src/stm32f7xx_hal_pwr_ex.o
LOAD ./Drivers/STM32F7xx_HAL_Driver/Src/stm32f7xx_hal_rcc.o
LOAD ./Drivers/STM32F7xx_HAL_Driver/Src/stm32f7xx_hal_rcc_ex.o
LOAD ./Drivers/STM32F7xx_HAL_Driver/Src/stm32f7xx_hal_spi.o
LOAD ./Drivers/STM32F7xx_HAL_Driver/Src/stm32f7xx_hal_spi_ex.o
LOAD ./Drivers/STM32F7xx_HAL_Driver/Src/stm32f7xx_hal_tim.o
LOAD ./Drivers/STM32F7xx_HAL_Driver/Src/stm32f7xx_hal_tim_ex.o
LOAD ./Drivers/STM32F7xx_HAL_Driver/Src/stm32f7xx_hal_uart.o
LOAD ./Drivers/STM32F7xx_HAL_Driver/Src/stm32f7xx_hal_uart_ex.o
LOAD ./FATFS/App/fatfs.o
LOAD ./FATFS/Target/user_diskio.o
LOAD ./FATFS/Target/user_diskio_spi.o
LOAD ./Log/erlog.o
LOAD ./MAX30102/filters.o
LOAD ./MAX30102/heartRate.o
LOAD ./MAX30102/max30102.o
LOAD ./MAX30102/spo2.o
LOAD ./Middlewares/Third_Party/FatFs/src/diskio.o
LOAD ./Middlewares/Third_Party/FatFs/src/ff.o
LOAD ./Middlewares/Third_Party/FatFs/src/ff_gen_drv.o
LOAD ./Middlewares/Third_Party/FatFs/src/option/syscall.o
LOAD ./Middlewares/Third_Party/FreeRTOS/Source/CMSIS_RTOS/cmsis_os.o
LOAD ./Middlewares/Third_Party/FreeRTOS/Source/croutine.o
LOAD ./Middlewares/Third_Party/FreeRTOS/Source/event_groups.o
LOAD ./Middlewares/Third_Party/FreeRTOS/Source/list.o
LOAD ./Middlewares/Third_Party/FreeRTOS/Source/queue.o
LOAD ./Middlewares/Third_Party/FreeRTOS/Source/stream_buffer.o
LOAD ./Middlewares/Third_Party/FreeRTOS/Source/tasks.o
LOAD ./Middlewares/Third_Party/FreeRTOS/Source/timers.o
LOAD ./Middlewares/Third_Party/FreeRTOS/Source/portable/GCC/ARM_CM7/r0p1/port.o
LOAD ./Middlewares/Third_Party/FreeRTOS/Source/portable/MemMang/heap_4.o
START GROUP
LOAD /Applications/STM32CubeIDE.app/Contents/Eclipse/plugins/com.st.stm32cube.ide.mcu.externaltools.gnu-tools-for-stm32.12.3.rel1.macos64_1.0.200.202406191456/tools/bin/../lib/gcc/arm-none-eabi/12.3.1/../../../../arm-none-eabi/lib/thumb/v7e-m+fp/hard/libc_nano.a
LOAD /Applications/STM32CubeIDE.app/Contents/Eclipse/plugins/com.st.stm32cube.ide.mcu.externaltools.gnu-tools-for-stm32.12.3.rel1.macos64_1.0.200.202406191456/tools/bin/../lib/gcc/arm-none-eabi/12.3.1/../../../../arm-none-eabi/lib/thumb/v7e-m+fp/hard/libm.a
END GROUP
START GROUP
LOAD /Applications/STM32CubeIDE.app/Contents/Eclipse/plugins/com.st.stm32cube.ide.mcu.externaltools.gnu-tools-for-stm32.12.3.rel1.macos64_1.0.200.202406191456/tools/bin/../lib/gcc/arm-none-eabi/12.3.1/thumb/v7e-m+fp/hard/libgcc.a
LOAD /Applications/STM32CubeIDE.app/Contents/Eclipse/plugins/com.st.stm32cube.ide.mcu.externaltools.gnu-tools-for-stm32.12.3.rel1.macos64_1.0.200.202406191456/tools/bin/../lib/gcc/arm-none-eabi/12.3.1/../../../../arm-none-eabi/lib/thumb/v7e-m+fp/hard/libc_nano.a
END GROUP
START GROUP
LOAD /Applications/STM32CubeIDE.app/Contents/Eclipse/plugins/com.st.stm32cube.ide.mcu.externaltools.gnu-tools-for-stm32.12.3.rel1.macos64_1.0.200.202406191456/tools/bin/../lib/gcc/arm-none-eabi/12.3.1/thumb/v7e-m+fp/hard/libgcc.a
LOAD /Applications/STM32CubeIDE.app/Contents/Eclipse/plugins/com.st.stm32cube.ide.mcu.externaltools.gnu-tools-for-stm32.12.3.rel1.macos64_1.0.200.202406191456/tools/bin/../lib/gcc/arm-none-eabi/12.3.1/../../../../arm-none-eabi/lib/thumb/v7e-m+fp/hard/libc_nano.a
LOAD /Applications/STM32CubeIDE.app/Contents/Eclipse/plugins/com.st.stm32cube.ide.mcu.externaltools.gnu-tools-for-stm32.12.3.rel1.macos64_1.0.200.202406191456/tools/bin/../lib/gcc/arm-none-eabi/12.3.1/../../../../arm-none-eabi/lib/thumb/v7e-m+fp/hard/libnosys.a
END GROUP
START GROUP
LOAD /Applications/STM32CubeIDE.app/Contents/Eclipse/plugins/com.st.stm32cube.ide.mcu.externaltools.gnu-tools-for-stm32.12.3.rel1.macos64_1.0.200.202406191456/tools/bin/../lib/gcc/arm-none-eabi/12.3.1/thumb/v7e-m+fp/hard/libgcc.a
LOAD /Applications/STM32CubeIDE.app/Contents/Eclipse/plugins/com.st.stm32cube.ide.mcu.externaltools.gnu-tools-for-stm32.12.3.rel1.macos64_1.0.200.202406191456/tools/bin/../lib/gcc/arm-none-eabi/12.3.1/../../../../arm-none-eabi/lib/thumb/v7e-m+fp/hard/libc_nano.a
LOAD /Applications/STM32CubeIDE.app/Contents/Eclipse/plugins/com.st.stm32cube.ide.mcu.externaltools.gnu-tools-for-stm32.12.3.rel1.macos64_1.0.200.202406191456/tools/bin/../lib/gcc/arm-none-eabi/12.3.1/../../../../arm-none-eabi/lib/thumb/v7e-m+fp/hard/libnosys.a
END GROUP
LOAD /Applications/STM32CubeIDE.app/Contents/Eclipse/plugins/com.st.stm32cube.ide.mcu.externaltools.gnu-tools-for-stm32.12.3.rel1.macos64_1.0.200.202406191456/tools/bin/../lib/gcc/arm-none-eabi/12.3.1/thumb/v7e-m+fp/hard/crtend.o
LOAD /Applications/STM32CubeIDE.app/Contents/Eclipse/plugins/com.st.stm32cube.ide.mcu.externaltools.gnu-tools-for-stm32.12.3.rel1.macos64_1.0.200.202406191456/tools/bin/../lib/gcc/arm-none-eabi/12.3.1/thumb/v7e-m+fp/hard/crtn.o
                0x20040000                        _estack = (ORIGIN (RAM) + LENGTH (RAM))
                0x00000200                        _Min_Heap_Size = 0x200
                0x00000400                        _Min_Stack_Size = 0x400

.isr_vector     0x08000000      0x1e0
                0x08000000                        . = ALIGN (0x4)
 *(.isr_vector)
 .isr_vector    0x08000000      0x1e0 ./Core/Startup/startup_stm32f722zetx.o
                0x08000000                g_pfnVectors
                0x080001e0                        . = ALIGN (0x4)

.text           0x080001e0    0x10784
                0x080001e0                        . = ALIGN (0x4)
 *(.text)
 .text          0x080001e0       0x40 /Applications/STM32CubeIDE.app/Contents/Eclipse/plugins/com.st.stm32cube.ide.mcu.externaltools.gnu-tools-for-stm32.12.3.rel1.macos64_1.0.200.202406191456/tools/bin/../lib/gcc/arm-none-eabi/12.3.1/thumb/v7e-m+fp/hard/crtbegin.o
 .text          0x08000220       0xa0 /Applications/STM32CubeIDE.app/Contents/Eclipse/plugins/com.st.stm32cube.ide.mcu.externaltools.gnu-tools-for-stm32.12.3.rel1.macos64_1.0.200.202406191456/tools/bin/../lib/gcc/arm-none-eabi/12.3.1/../../../../arm-none-eabi/lib/thumb/v7e-m+fp/hard/libc_nano.a(libc_a-memchr.o)
                0x08000220                memchr
 .text          0x080002c0       0x10 /Applications/STM32CubeIDE.app/Contents/Eclipse/plugins/com.st.stm32cube.ide.mcu.externaltools.gnu-tools-for-stm32.12.3.rel1.macos64_1.0.200.202406191456/tools/bin/../lib/gcc/arm-none-eabi/12.3.1/../../../../arm-none-eabi/lib/thumb/v7e-m+fp/hard/libc_nano.a(libc_a-strlen.o)
                0x080002c0                strlen
 .text          0x080002d0      0x378 /Applications/STM32CubeIDE.app/Contents/Eclipse/plugins/com.st.stm32cube.ide.mcu.externaltools.gnu-tools-for-stm32.12.3.rel1.macos64_1.0.200.202406191456/tools/bin/../lib/gcc/arm-none-eabi/12.3.1/thumb/v7e-m+fp/hard/libgcc.a(_arm_addsubdf3.o)
                0x080002d0                __aeabi_drsub
                0x080002d8                __subdf3
                0x080002d8                __aeabi_dsub
                0x080002dc                __aeabi_dadd
                0x080002dc                __adddf3
                0x08000554                __aeabi_ui2d
                0x08000554                __floatunsidf
                0x08000574                __floatsidf
                0x08000574                __aeabi_i2d
                0x08000598                __extendsfdf2
                0x08000598                __aeabi_f2d
                0x080005dc                __aeabi_ul2d
                0x080005dc                __floatundidf
                0x080005ec                __aeabi_l2d
                0x080005ec                __floatdidf
 .text          0x08000648      0x424 /Applications/STM32CubeIDE.app/Contents/Eclipse/plugins/com.st.stm32cube.ide.mcu.externaltools.gnu-tools-for-stm32.12.3.rel1.macos64_1.0.200.202406191456/tools/bin/../lib/gcc/arm-none-eabi/12.3.1/thumb/v7e-m+fp/hard/libgcc.a(_arm_muldivdf3.o)
                0x08000648                __aeabi_dmul
                0x08000648                __muldf3
                0x0800089c                __aeabi_ddiv
                0x0800089c                __divdf3
 .text          0x08000a6c      0x110 /Applications/STM32CubeIDE.app/Contents/Eclipse/plugins/com.st.stm32cube.ide.mcu.externaltools.gnu-tools-for-stm32.12.3.rel1.macos64_1.0.200.202406191456/tools/bin/../lib/gcc/arm-none-eabi/12.3.1/thumb/v7e-m+fp/hard/libgcc.a(_arm_cmpdf2.o)
                0x08000a6c                __gedf2
                0x08000a6c                __gtdf2
                0x08000a74                __ledf2
                0x08000a74                __ltdf2
                0x08000a7c                __cmpdf2
                0x08000a7c                __eqdf2
                0x08000a7c                __nedf2
                0x08000af8                __aeabi_cdrcmple
                0x08000b08                __aeabi_cdcmple
                0x08000b08                __aeabi_cdcmpeq
                0x08000b18                __aeabi_dcmpeq
                0x08000b2c                __aeabi_dcmplt
                0x08000b40                __aeabi_dcmple
                0x08000b54                __aeabi_dcmpge
                0x08000b68                __aeabi_dcmpgt
 .text          0x08000b7c       0x2c /Applications/STM32CubeIDE.app/Contents/Eclipse/plugins/com.st.stm32cube.ide.mcu.externaltools.gnu-tools-for-stm32.12.3.rel1.macos64_1.0.200.202406191456/tools/bin/../lib/gcc/arm-none-eabi/12.3.1/thumb/v7e-m+fp/hard/libgcc.a(_arm_unorddf2.o)
                0x08000b7c                __aeabi_dcmpun
                0x08000b7c                __unorddf2
 .text          0x08000ba8       0x50 /Applications/STM32CubeIDE.app/Contents/Eclipse/plugins/com.st.stm32cube.ide.mcu.externaltools.gnu-tools-for-stm32.12.3.rel1.macos64_1.0.200.202406191456/tools/bin/../lib/gcc/arm-none-eabi/12.3.1/thumb/v7e-m+fp/hard/libgcc.a(_arm_fixdfsi.o)
                0x08000ba8                __fixdfsi
                0x08000ba8                __aeabi_d2iz
 .text          0x08000bf8       0xa0 /Applications/STM32CubeIDE.app/Contents/Eclipse/plugins/com.st.stm32cube.ide.mcu.externaltools.gnu-tools-for-stm32.12.3.rel1.macos64_1.0.200.202406191456/tools/bin/../lib/gcc/arm-none-eabi/12.3.1/thumb/v7e-m+fp/hard/libgcc.a(_arm_truncdfsf2.o)
                0x08000bf8                __aeabi_d2f
                0x08000bf8                __truncdfsf2
 .text          0x08000c98       0x30 /Applications/STM32CubeIDE.app/Contents/Eclipse/plugins/com.st.stm32cube.ide.mcu.externaltools.gnu-tools-for-stm32.12.3.rel1.macos64_1.0.200.202406191456/tools/bin/../lib/gcc/arm-none-eabi/12.3.1/thumb/v7e-m+fp/hard/libgcc.a(_aeabi_uldivmod.o)
                0x08000c98                __aeabi_uldivmod
 .text          0x08000cc8      0x2bc /Applications/STM32CubeIDE.app/Contents/Eclipse/plugins/com.st.stm32cube.ide.mcu.externaltools.gnu-tools-for-stm32.12.3.rel1.macos64_1.0.200.202406191456/tools/bin/../lib/gcc/arm-none-eabi/12.3.1/thumb/v7e-m+fp/hard/libgcc.a(_udivmoddi4.o)
                0x08000cc8                __udivmoddi4
 .text          0x08000f84        0x4 /Applications/STM32CubeIDE.app/Contents/Eclipse/plugins/com.st.stm32cube.ide.mcu.externaltools.gnu-tools-for-stm32.12.3.rel1.macos64_1.0.200.202406191456/tools/bin/../lib/gcc/arm-none-eabi/12.3.1/thumb/v7e-m+fp/hard/libgcc.a(_dvmd_tls.o)
                0x08000f84                __aeabi_ldiv0
                0x08000f84                __aeabi_idiv0
 *(.text*)
 .text.vApplicationGetIdleTaskMemory
                0x08000f88       0x34 ./Core/Src/freertos.o
                0x08000f88                vApplicationGetIdleTaskMemory
 .text.HAL_GPIO_EXTI_Callback
                0x08000fbc       0x44 ./Core/Src/main.o
                0x08000fbc                HAL_GPIO_EXTI_Callback
 .text.myprintf
                0x08001000       0x4c ./Core/Src/main.o
                0x08001000                myprintf
 .text.sd_init  0x0800104c       0xe0 ./Core/Src/main.o
                0x0800104c                sd_init
 .text.sd_write
                0x0800112c       0x98 ./Core/Src/main.o
                0x0800112c                sd_write
 .text.sd_open  0x080011c4       0x54 ./Core/Src/main.o
                0x080011c4                sd_open
 .text.main     0x08001218      0x1c0 ./Core/Src/main.o
                0x08001218                main
 .text.SystemClock_Config
                0x080013d8       0xdc ./Core/Src/main.o
                0x080013d8                SystemClock_Config
 .text.MX_GPIO_Init
                0x080014b4      0x1e4 ./Core/Src/main.o
 .text.MX_SPI1_Init
                0x08001698       0x7c ./Core/Src/main.o
 .text.log_data
                0x08001714       0x40 ./Core/Src/main.o
                0x08001714                log_data
 .text.max30102_acqure
                0x08001754      0x114 ./Core/Src/main.o
                0x08001754                max30102_acqure
 .text.HAL_TIM_PeriodElapsedCallback
                0x08001868       0x24 ./Core/Src/main.o
                0x08001868                HAL_TIM_PeriodElapsedCallback
 .text.Error_Handler
                0x0800188c        0xc ./Core/Src/main.o
                0x0800188c                Error_Handler
 .text.HAL_MspInit
                0x08001898       0x50 ./Core/Src/stm32f7xx_hal_msp.o
                0x08001898                HAL_MspInit
 .text.HAL_I2C_MspInit
                0x080018e8       0xdc ./Core/Src/stm32f7xx_hal_msp.o
                0x080018e8                HAL_I2C_MspInit
 .text.HAL_SPI_MspInit
                0x080019c4       0x88 ./Core/Src/stm32f7xx_hal_msp.o
                0x080019c4                HAL_SPI_MspInit
 .text.HAL_UART_MspInit
                0x08001a4c       0xc0 ./Core/Src/stm32f7xx_hal_msp.o
                0x08001a4c                HAL_UART_MspInit
 .text.HAL_InitTick
                0x08001b0c       0xf4 ./Core/Src/stm32f7xx_hal_timebase_tim.o
                0x08001b0c                HAL_InitTick
 .text.NMI_Handler
                0x08001c00        0x8 ./Core/Src/stm32f7xx_it.o
                0x08001c00                NMI_Handler
 .text.HardFault_Handler
                0x08001c08        0x8 ./Core/Src/stm32f7xx_it.o
                0x08001c08                HardFault_Handler
 .text.MemManage_Handler
                0x08001c10        0x8 ./Core/Src/stm32f7xx_it.o
                0x08001c10                MemManage_Handler
 .text.BusFault_Handler
                0x08001c18        0x8 ./Core/Src/stm32f7xx_it.o
                0x08001c18                BusFault_Handler
 .text.UsageFault_Handler
                0x08001c20        0x8 ./Core/Src/stm32f7xx_it.o
                0x08001c20                UsageFault_Handler
 .text.DebugMon_Handler
                0x08001c28        0xe ./Core/Src/stm32f7xx_it.o
                0x08001c28                DebugMon_Handler
 *fill*         0x08001c36        0x2 
 .text.I2C2_EV_IRQHandler
                0x08001c38       0x14 ./Core/Src/stm32f7xx_it.o
                0x08001c38                I2C2_EV_IRQHandler
 .text.I2C2_ER_IRQHandler
                0x08001c4c       0x14 ./Core/Src/stm32f7xx_it.o
                0x08001c4c                I2C2_ER_IRQHandler
 .text.TIM6_DAC_IRQHandler
                0x08001c60       0x14 ./Core/Src/stm32f7xx_it.o
                0x08001c60                TIM6_DAC_IRQHandler
 .text.EXTI0_IRQHandler
                0x08001c74        0xe ./Core/Src/stm32f7xx_it.o
                0x08001c74                EXTI0_IRQHandler
 .text._getpid  0x08001c82       0x10 ./Core/Src/syscalls.o
                0x08001c82                _getpid
 .text._kill    0x08001c92       0x20 ./Core/Src/syscalls.o
                0x08001c92                _kill
 .text._exit    0x08001cb2       0x16 ./Core/Src/syscalls.o
                0x08001cb2                _exit
 .text._read    0x08001cc8       0x3a ./Core/Src/syscalls.o
                0x08001cc8                _read
 .text._write   0x08001d02       0x38 ./Core/Src/syscalls.o
                0x08001d02                _write
 .text._close   0x08001d3a       0x18 ./Core/Src/syscalls.o
                0x08001d3a                _close
 .text._fstat   0x08001d52       0x20 ./Core/Src/syscalls.o
                0x08001d52                _fstat
 .text._isatty  0x08001d72       0x16 ./Core/Src/syscalls.o
                0x08001d72                _isatty
 .text._lseek   0x08001d88       0x1a ./Core/Src/syscalls.o
                0x08001d88                _lseek
 *fill*         0x08001da2        0x2 
 .text._sbrk    0x08001da4       0x6c ./Core/Src/sysmem.o
                0x08001da4                _sbrk
 .text.SystemInit
                0x08001e10       0x24 ./Core/Src/system_stm32f7xx.o
                0x08001e10                SystemInit
 .text.Reset_Handler
                0x08001e34       0x50 ./Core/Startup/startup_stm32f722zetx.o
                0x08001e34                Reset_Handler
 .text.Default_Handler
                0x08001e84        0x2 ./Core/Startup/startup_stm32f722zetx.o
                0x08001e84                DMA1_Stream3_IRQHandler
                0x08001e84                EXTI2_IRQHandler
                0x08001e84                TIM8_CC_IRQHandler
                0x08001e84                UART8_IRQHandler
                0x08001e84                SPI4_IRQHandler
                0x08001e84                TIM1_CC_IRQHandler
                0x08001e84                DMA2_Stream5_IRQHandler
                0x08001e84                DMA1_Stream5_IRQHandler
                0x08001e84                PVD_IRQHandler
                0x08001e84                TAMP_STAMP_IRQHandler
                0x08001e84                EXTI3_IRQHandler
                0x08001e84                TIM8_TRG_COM_TIM14_IRQHandler
                0x08001e84                TIM1_UP_TIM10_IRQHandler
                0x08001e84                TIM8_UP_TIM13_IRQHandler
                0x08001e84                I2C3_ER_IRQHandler
                0x08001e84                DMA1_Stream2_IRQHandler
                0x08001e84                CAN1_RX0_IRQHandler
                0x08001e84                FPU_IRQHandler
                0x08001e84                OTG_HS_WKUP_IRQHandler
                0x08001e84                DMA2_Stream2_IRQHandler
                0x08001e84                SPI1_IRQHandler
                0x08001e84                TIM1_BRK_TIM9_IRQHandler
                0x08001e84                DMA2_Stream3_IRQHandler
                0x08001e84                SAI2_IRQHandler
                0x08001e84                USART6_IRQHandler
                0x08001e84                USART3_IRQHandler
                0x08001e84                CAN1_RX1_IRQHandler
                0x08001e84                UART5_IRQHandler
                0x08001e84                DMA2_Stream0_IRQHandler
                0x08001e84                TIM4_IRQHandler
                0x08001e84                QUADSPI_IRQHandler
                0x08001e84                I2C1_EV_IRQHandler
                0x08001e84                DMA1_Stream6_IRQHandler
                0x08001e84                DMA1_Stream1_IRQHandler
                0x08001e84                UART4_IRQHandler
                0x08001e84                TIM3_IRQHandler
                0x08001e84                RCC_IRQHandler
                0x08001e84                TIM8_BRK_TIM12_IRQHandler
                0x08001e84                Default_Handler
                0x08001e84                EXTI15_10_IRQHandler
                0x08001e84                ADC_IRQHandler
                0x08001e84                DMA1_Stream7_IRQHandler
                0x08001e84                SPI5_IRQHandler
                0x08001e84                TIM7_IRQHandler
                0x08001e84                SDMMC1_IRQHandler
                0x08001e84                TIM5_IRQHandler
                0x08001e84                DMA2_Stream7_IRQHandler
                0x08001e84                I2C3_EV_IRQHandler
                0x08001e84                EXTI9_5_IRQHandler
                0x08001e84                RTC_WKUP_IRQHandler
                0x08001e84                SPI2_IRQHandler
                0x08001e84                OTG_HS_EP1_IN_IRQHandler
                0x08001e84                DMA1_Stream0_IRQHandler
                0x08001e84                CAN1_TX_IRQHandler
                0x08001e84                EXTI4_IRQHandler
                0x08001e84                RNG_IRQHandler
                0x08001e84                OTG_HS_EP1_OUT_IRQHandler
                0x08001e84                WWDG_IRQHandler
                0x08001e84                TIM2_IRQHandler
                0x08001e84                OTG_FS_WKUP_IRQHandler
                0x08001e84                TIM1_TRG_COM_TIM11_IRQHandler
                0x08001e84                OTG_HS_IRQHandler
                0x08001e84                EXTI1_IRQHandler
                0x08001e84                SDMMC2_IRQHandler
                0x08001e84                UART7_IRQHandler
                0x08001e84                USART2_IRQHandler
                0x08001e84                DMA2_Stream1_IRQHandler
                0x08001e84                CAN1_SCE_IRQHandler
                0x08001e84                FLASH_IRQHandler
                0x08001e84                DMA2_Stream4_IRQHandler
                0x08001e84                USART1_IRQHandler
                0x08001e84                OTG_FS_IRQHandler
                0x08001e84                SPI3_IRQHandler
                0x08001e84                DMA1_Stream4_IRQHandler
                0x08001e84                I2C1_ER_IRQHandler
                0x08001e84                FMC_IRQHandler
                0x08001e84                LPTIM1_IRQHandler
                0x08001e84                DMA2_Stream6_IRQHandler
                0x08001e84                SAI1_IRQHandler
                0x08001e84                RTC_Alarm_IRQHandler
 .text.HAL_Init
                0x08001e86       0x1a ./Drivers/STM32F7xx_HAL_Driver/Src/stm32f7xx_hal.o
                0x08001e86                HAL_Init
 .text.HAL_IncTick
                0x08001ea0       0x28 ./Drivers/STM32F7xx_HAL_Driver/Src/stm32f7xx_hal.o
                0x08001ea0                HAL_IncTick
 .text.HAL_GetTick
                0x08001ec8       0x18 ./Drivers/STM32F7xx_HAL_Driver/Src/stm32f7xx_hal.o
                0x08001ec8                HAL_GetTick
 .text.HAL_Delay
                0x08001ee0       0x48 ./Drivers/STM32F7xx_HAL_Driver/Src/stm32f7xx_hal.o
                0x08001ee0                HAL_Delay
 .text.__NVIC_SetPriorityGrouping
                0x08001f28       0x48 ./Drivers/STM32F7xx_HAL_Driver/Src/stm32f7xx_hal_cortex.o
 .text.__NVIC_GetPriorityGrouping
                0x08001f70       0x1c ./Drivers/STM32F7xx_HAL_Driver/Src/stm32f7xx_hal_cortex.o
 .text.__NVIC_EnableIRQ
                0x08001f8c       0x3c ./Drivers/STM32F7xx_HAL_Driver/Src/stm32f7xx_hal_cortex.o
 .text.__NVIC_SetPriority
                0x08001fc8       0x54 ./Drivers/STM32F7xx_HAL_Driver/Src/stm32f7xx_hal_cortex.o
 .text.NVIC_EncodePriority
                0x0800201c       0x66 ./Drivers/STM32F7xx_HAL_Driver/Src/stm32f7xx_hal_cortex.o
 .text.HAL_NVIC_SetPriorityGrouping
                0x08002082       0x16 ./Drivers/STM32F7xx_HAL_Driver/Src/stm32f7xx_hal_cortex.o
                0x08002082                HAL_NVIC_SetPriorityGrouping
 .text.HAL_NVIC_SetPriority
                0x08002098       0x38 ./Drivers/STM32F7xx_HAL_Driver/Src/stm32f7xx_hal_cortex.o
                0x08002098                HAL_NVIC_SetPriority
 .text.HAL_NVIC_EnableIRQ
                0x080020d0       0x1c ./Drivers/STM32F7xx_HAL_Driver/Src/stm32f7xx_hal_cortex.o
                0x080020d0                HAL_NVIC_EnableIRQ
 .text.HAL_DMA_Abort_IT
                0x080020ec       0x44 ./Drivers/STM32F7xx_HAL_Driver/Src/stm32f7xx_hal_dma.o
                0x080020ec                HAL_DMA_Abort_IT
 .text.HAL_DMA_GetState
                0x08002130       0x1c ./Drivers/STM32F7xx_HAL_Driver/Src/stm32f7xx_hal_dma.o
                0x08002130                HAL_DMA_GetState
 .text.HAL_GPIO_Init
                0x0800214c      0x338 ./Drivers/STM32F7xx_HAL_Driver/Src/stm32f7xx_hal_gpio.o
                0x0800214c                HAL_GPIO_Init
 .text.HAL_GPIO_WritePin
                0x08002484       0x32 ./Drivers/STM32F7xx_HAL_Driver/Src/stm32f7xx_hal_gpio.o
                0x08002484                HAL_GPIO_WritePin
 *fill*         0x080024b6        0x2 
 .text.HAL_GPIO_EXTI_IRQHandler
                0x080024b8       0x30 ./Drivers/STM32F7xx_HAL_Driver/Src/stm32f7xx_hal_gpio.o
                0x080024b8                HAL_GPIO_EXTI_IRQHandler
 .text.HAL_I2C_Init
                0x080024e8      0x138 ./Drivers/STM32F7xx_HAL_Driver/Src/stm32f7xx_hal_i2c.o
                0x080024e8                HAL_I2C_Init
 .text.HAL_I2C_Master_Transmit
                0x08002620      0x230 ./Drivers/STM32F7xx_HAL_Driver/Src/stm32f7xx_hal_i2c.o
                0x08002620                HAL_I2C_Master_Transmit
 .text.HAL_I2C_Master_Receive
                0x08002850      0x1ec ./Drivers/STM32F7xx_HAL_Driver/Src/stm32f7xx_hal_i2c.o
                0x08002850                HAL_I2C_Master_Receive
 .text.HAL_I2C_Mem_Write
                0x08002a3c      0x228 ./Drivers/STM32F7xx_HAL_Driver/Src/stm32f7xx_hal_i2c.o
                0x08002a3c                HAL_I2C_Mem_Write
 .text.HAL_I2C_Mem_Read
                0x08002c64      0x234 ./Drivers/STM32F7xx_HAL_Driver/Src/stm32f7xx_hal_i2c.o
                0x08002c64                HAL_I2C_Mem_Read
 .text.HAL_I2C_EV_IRQHandler
                0x08002e98       0x34 ./Drivers/STM32F7xx_HAL_Driver/Src/stm32f7xx_hal_i2c.o
                0x08002e98                HAL_I2C_EV_IRQHandler
 .text.HAL_I2C_ER_IRQHandler
                0x08002ecc       0xb6 ./Drivers/STM32F7xx_HAL_Driver/Src/stm32f7xx_hal_i2c.o
                0x08002ecc                HAL_I2C_ER_IRQHandler
 .text.HAL_I2C_SlaveTxCpltCallback
                0x08002f82       0x14 ./Drivers/STM32F7xx_HAL_Driver/Src/stm32f7xx_hal_i2c.o
                0x08002f82                HAL_I2C_SlaveTxCpltCallback
 .text.HAL_I2C_SlaveRxCpltCallback
                0x08002f96       0x14 ./Drivers/STM32F7xx_HAL_Driver/Src/stm32f7xx_hal_i2c.o
                0x08002f96                HAL_I2C_SlaveRxCpltCallback
 .text.HAL_I2C_AddrCallback
                0x08002faa       0x1c ./Drivers/STM32F7xx_HAL_Driver/Src/stm32f7xx_hal_i2c.o
                0x08002faa                HAL_I2C_AddrCallback
 .text.HAL_I2C_ListenCpltCallback
                0x08002fc6       0x14 ./Drivers/STM32F7xx_HAL_Driver/Src/stm32f7xx_hal_i2c.o
                0x08002fc6                HAL_I2C_ListenCpltCallback
 .text.HAL_I2C_ErrorCallback
                0x08002fda       0x14 ./Drivers/STM32F7xx_HAL_Driver/Src/stm32f7xx_hal_i2c.o
                0x08002fda                HAL_I2C_ErrorCallback
 .text.HAL_I2C_AbortCpltCallback
                0x08002fee       0x14 ./Drivers/STM32F7xx_HAL_Driver/Src/stm32f7xx_hal_i2c.o
                0x08002fee                HAL_I2C_AbortCpltCallback
 .text.I2C_Slave_ISR_IT
                0x08003002      0x1f2 ./Drivers/STM32F7xx_HAL_Driver/Src/stm32f7xx_hal_i2c.o
 .text.I2C_RequestMemoryWrite
                0x080031f4       0xa8 ./Drivers/STM32F7xx_HAL_Driver/Src/stm32f7xx_hal_i2c.o
 .text.I2C_RequestMemoryRead
                0x0800329c       0xa8 ./Drivers/STM32F7xx_HAL_Driver/Src/stm32f7xx_hal_i2c.o
 .text.I2C_ITAddrCplt
                0x08003344      0x108 ./Drivers/STM32F7xx_HAL_Driver/Src/stm32f7xx_hal_i2c.o
 .text.I2C_ITSlaveSeqCplt
                0x0800344c       0xb8 ./Drivers/STM32F7xx_HAL_Driver/Src/stm32f7xx_hal_i2c.o
 .text.I2C_ITSlaveCplt
                0x08003504      0x2c8 ./Drivers/STM32F7xx_HAL_Driver/Src/stm32f7xx_hal_i2c.o
 .text.I2C_ITListenCplt
                0x080037cc       0xa8 ./Drivers/STM32F7xx_HAL_Driver/Src/stm32f7xx_hal_i2c.o
 .text.I2C_ITError
                0x08003874      0x1e0 ./Drivers/STM32F7xx_HAL_Driver/Src/stm32f7xx_hal_i2c.o
 .text.I2C_TreatErrorCallback
                0x08003a54       0x4e ./Drivers/STM32F7xx_HAL_Driver/Src/stm32f7xx_hal_i2c.o
 .text.I2C_Flush_TXDR
                0x08003aa2       0x48 ./Drivers/STM32F7xx_HAL_Driver/Src/stm32f7xx_hal_i2c.o
 .text.I2C_DMAAbort
                0x08003aea       0x3c ./Drivers/STM32F7xx_HAL_Driver/Src/stm32f7xx_hal_i2c.o
 .text.I2C_WaitOnFlagUntilTimeout
                0x08003b26       0xb2 ./Drivers/STM32F7xx_HAL_Driver/Src/stm32f7xx_hal_i2c.o
 .text.I2C_WaitOnTXISFlagUntilTimeout
                0x08003bd8       0x8e ./Drivers/STM32F7xx_HAL_Driver/Src/stm32f7xx_hal_i2c.o
 .text.I2C_WaitOnSTOPFlagUntilTimeout
                0x08003c66       0x86 ./Drivers/STM32F7xx_HAL_Driver/Src/stm32f7xx_hal_i2c.o
 .text.I2C_WaitOnRXNEFlagUntilTimeout
                0x08003cec      0x118 ./Drivers/STM32F7xx_HAL_Driver/Src/stm32f7xx_hal_i2c.o
 .text.I2C_IsErrorOccurred
                0x08003e04      0x1c0 ./Drivers/STM32F7xx_HAL_Driver/Src/stm32f7xx_hal_i2c.o
 .text.I2C_TransferConfig
                0x08003fc4       0x64 ./Drivers/STM32F7xx_HAL_Driver/Src/stm32f7xx_hal_i2c.o
 .text.I2C_Disable_IRQ
                0x08004028       0xbc ./Drivers/STM32F7xx_HAL_Driver/Src/stm32f7xx_hal_i2c.o
 .text.HAL_I2CEx_ConfigAnalogFilter
                0x080040e4       0x96 ./Drivers/STM32F7xx_HAL_Driver/Src/stm32f7xx_hal_i2c_ex.o
                0x080040e4                HAL_I2CEx_ConfigAnalogFilter
 .text.HAL_I2CEx_ConfigDigitalFilter
                0x0800417a       0x98 ./Drivers/STM32F7xx_HAL_Driver/Src/stm32f7xx_hal_i2c_ex.o
                0x0800417a                HAL_I2CEx_ConfigDigitalFilter
 *fill*         0x08004212        0x2 
 .text.HAL_PWR_EnableBkUpAccess
                0x08004214       0x20 ./Drivers/STM32F7xx_HAL_Driver/Src/stm32f7xx_hal_pwr.o
                0x08004214                HAL_PWR_EnableBkUpAccess
 .text.HAL_RCC_OscConfig
                0x08004234      0x548 ./Drivers/STM32F7xx_HAL_Driver/Src/stm32f7xx_hal_rcc.o
                0x08004234                HAL_RCC_OscConfig
 .text.HAL_RCC_ClockConfig
                0x0800477c      0x1d8 ./Drivers/STM32F7xx_HAL_Driver/Src/stm32f7xx_hal_rcc.o
                0x0800477c                HAL_RCC_ClockConfig
 .text.HAL_RCC_GetSysClockFreq
                0x08004954      0x208 ./Drivers/STM32F7xx_HAL_Driver/Src/stm32f7xx_hal_rcc.o
                0x08004954                HAL_RCC_GetSysClockFreq
 .text.HAL_RCC_GetHCLKFreq
                0x08004b5c       0x18 ./Drivers/STM32F7xx_HAL_Driver/Src/stm32f7xx_hal_rcc.o
                0x08004b5c                HAL_RCC_GetHCLKFreq
 .text.HAL_RCC_GetPCLK1Freq
                0x08004b74       0x28 ./Drivers/STM32F7xx_HAL_Driver/Src/stm32f7xx_hal_rcc.o
                0x08004b74                HAL_RCC_GetPCLK1Freq
 .text.HAL_RCC_GetPCLK2Freq
                0x08004b9c       0x28 ./Drivers/STM32F7xx_HAL_Driver/Src/stm32f7xx_hal_rcc.o
                0x08004b9c                HAL_RCC_GetPCLK2Freq
 .text.HAL_RCC_GetClockConfig
                0x08004bc4       0x64 ./Drivers/STM32F7xx_HAL_Driver/Src/stm32f7xx_hal_rcc.o
                0x08004bc4                HAL_RCC_GetClockConfig
 .text.HAL_RCCEx_PeriphCLKConfig
                0x08004c28      0x694 ./Drivers/STM32F7xx_HAL_Driver/Src/stm32f7xx_hal_rcc_ex.o
                0x08004c28                HAL_RCCEx_PeriphCLKConfig
 .text.HAL_SPI_Init
                0x080052bc      0x156 ./Drivers/STM32F7xx_HAL_Driver/Src/stm32f7xx_hal_spi.o
                0x080052bc                HAL_SPI_Init
 .text.HAL_SPI_Transmit
                0x08005412      0x2ea ./Drivers/STM32F7xx_HAL_Driver/Src/stm32f7xx_hal_spi.o
                0x08005412                HAL_SPI_Transmit
 .text.HAL_SPI_TransmitReceive
                0x080056fc      0x444 ./Drivers/STM32F7xx_HAL_Driver/Src/stm32f7xx_hal_spi.o
                0x080056fc                HAL_SPI_TransmitReceive
 .text.SPI_WaitFlagStateUntilTimeout
                0x08005b40      0x110 ./Drivers/STM32F7xx_HAL_Driver/Src/stm32f7xx_hal_spi.o
 .text.SPI_WaitFifoStateUntilTimeout
                0x08005c50      0x12c ./Drivers/STM32F7xx_HAL_Driver/Src/stm32f7xx_hal_spi.o
 .text.SPI_EndRxTxTransaction
                0x08005d7c       0xd4 ./Drivers/STM32F7xx_HAL_Driver/Src/stm32f7xx_hal_spi.o
 .text.HAL_TIM_Base_Init
                0x08005e50       0xae ./Drivers/STM32F7xx_HAL_Driver/Src/stm32f7xx_hal_tim.o
                0x08005e50                HAL_TIM_Base_Init
 .text.HAL_TIM_Base_MspInit
                0x08005efe       0x14 ./Drivers/STM32F7xx_HAL_Driver/Src/stm32f7xx_hal_tim.o
                0x08005efe                HAL_TIM_Base_MspInit
 *fill*         0x08005f12        0x2 
 .text.HAL_TIM_Base_Start_IT
                0x08005f14       0xf0 ./Drivers/STM32F7xx_HAL_Driver/Src/stm32f7xx_hal_tim.o
                0x08005f14                HAL_TIM_Base_Start_IT
 .text.HAL_TIM_IRQHandler
                0x08006004      0x20e ./Drivers/STM32F7xx_HAL_Driver/Src/stm32f7xx_hal_tim.o
                0x08006004                HAL_TIM_IRQHandler
 .text.HAL_TIM_OC_DelayElapsedCallback
                0x08006212       0x14 ./Drivers/STM32F7xx_HAL_Driver/Src/stm32f7xx_hal_tim.o
                0x08006212                HAL_TIM_OC_DelayElapsedCallback
 .text.HAL_TIM_IC_CaptureCallback
                0x08006226       0x14 ./Drivers/STM32F7xx_HAL_Driver/Src/stm32f7xx_hal_tim.o
                0x08006226                HAL_TIM_IC_CaptureCallback
 .text.HAL_TIM_PWM_PulseFinishedCallback
                0x0800623a       0x14 ./Drivers/STM32F7xx_HAL_Driver/Src/stm32f7xx_hal_tim.o
                0x0800623a                HAL_TIM_PWM_PulseFinishedCallback
 .text.HAL_TIM_TriggerCallback
                0x0800624e       0x14 ./Drivers/STM32F7xx_HAL_Driver/Src/stm32f7xx_hal_tim.o
                0x0800624e                HAL_TIM_TriggerCallback
 *fill*         0x08006262        0x2 
 .text.TIM_Base_SetConfig
                0x08006264      0x158 ./Drivers/STM32F7xx_HAL_Driver/Src/stm32f7xx_hal_tim.o
                0x08006264                TIM_Base_SetConfig
 .text.HAL_TIMEx_CommutCallback
                0x080063bc       0x14 ./Drivers/STM32F7xx_HAL_Driver/Src/stm32f7xx_hal_tim_ex.o
                0x080063bc                HAL_TIMEx_CommutCallback
 .text.HAL_TIMEx_BreakCallback
                0x080063d0       0x14 ./Drivers/STM32F7xx_HAL_Driver/Src/stm32f7xx_hal_tim_ex.o
                0x080063d0                HAL_TIMEx_BreakCallback
 .text.HAL_TIMEx_Break2Callback
                0x080063e4       0x14 ./Drivers/STM32F7xx_HAL_Driver/Src/stm32f7xx_hal_tim_ex.o
                0x080063e4                HAL_TIMEx_Break2Callback
 .text.HAL_UART_Init
                0x080063f8       0x9c ./Drivers/STM32F7xx_HAL_Driver/Src/stm32f7xx_hal_uart.o
                0x080063f8                HAL_UART_Init
 .text.HAL_UART_Transmit
                0x08006494      0x112 ./Drivers/STM32F7xx_HAL_Driver/Src/stm32f7xx_hal_uart.o
                0x08006494                HAL_UART_Transmit
 *fill*         0x080065a6        0x2 
 .text.UART_SetConfig
                0x080065a8      0x4c8 ./Drivers/STM32F7xx_HAL_Driver/Src/stm32f7xx_hal_uart.o
                0x080065a8                UART_SetConfig
 .text.UART_AdvFeatureConfig
                0x08006a70      0x144 ./Drivers/STM32F7xx_HAL_Driver/Src/stm32f7xx_hal_uart.o
                0x08006a70                UART_AdvFeatureConfig
 .text.UART_CheckIdleState
                0x08006bb4       0xae ./Drivers/STM32F7xx_HAL_Driver/Src/stm32f7xx_hal_uart.o
                0x08006bb4                UART_CheckIdleState
 .text.UART_WaitOnFlagUntilTimeout
                0x08006c62       0xda ./Drivers/STM32F7xx_HAL_Driver/Src/stm32f7xx_hal_uart.o
                0x08006c62                UART_WaitOnFlagUntilTimeout
 .text.UART_EndRxTransfer
                0x08006d3c       0xc8 ./Drivers/STM32F7xx_HAL_Driver/Src/stm32f7xx_hal_uart.o
 .text.MX_FATFS_Init
                0x08006e04       0x24 ./FATFS/App/fatfs.o
                0x08006e04                MX_FATFS_Init
 .text.get_fattime
                0x08006e28       0x10 ./FATFS/App/fatfs.o
                0x08006e28                get_fattime
 .text.USER_initialize
                0x08006e38       0x1c ./FATFS/Target/user_diskio.o
                0x08006e38                USER_initialize
 .text.USER_status
                0x08006e54       0x1c ./FATFS/Target/user_diskio.o
                0x08006e54                USER_status
 .text.USER_read
                0x08006e70       0x26 ./FATFS/Target/user_diskio.o
                0x08006e70                USER_read
 .text.USER_write
                0x08006e96       0x26 ./FATFS/Target/user_diskio.o
                0x08006e96                USER_write
 .text.USER_ioctl
                0x08006ebc       0x26 ./FATFS/Target/user_diskio.o
                0x08006ebc                USER_ioctl
 *fill*         0x08006ee2        0x2 
 .text.SPI_Timer_On
                0x08006ee4       0x28 ./FATFS/Target/user_diskio_spi.o
                0x08006ee4                SPI_Timer_On
 .text.SPI_Timer_Status
                0x08006f0c       0x2c ./FATFS/Target/user_diskio_spi.o
                0x08006f0c                SPI_Timer_Status
 .text.xchg_spi
                0x08006f38       0x2c ./FATFS/Target/user_diskio_spi.o
 .text.rcvr_spi_multi
                0x08006f64       0x38 ./FATFS/Target/user_diskio_spi.o
 .text.xmit_spi_multi
                0x08006f9c       0x28 ./FATFS/Target/user_diskio_spi.o
 .text.wait_ready
                0x08006fc4       0x46 ./FATFS/Target/user_diskio_spi.o
 *fill*         0x0800700a        0x2 
 .text.despiselect
                0x0800700c       0x20 ./FATFS/Target/user_diskio_spi.o
 .text.spiselect
                0x0800702c       0x38 ./FATFS/Target/user_diskio_spi.o
 .text.rcvr_datablock
                0x08007064       0x52 ./FATFS/Target/user_diskio_spi.o
 .text.xmit_datablock
                0x080070b6       0x64 ./FATFS/Target/user_diskio_spi.o
 .text.send_cmd
                0x0800711a       0xde ./FATFS/Target/user_diskio_spi.o
 .text.USER_SPI_initialize
                0x080071f8      0x1d8 ./FATFS/Target/user_diskio_spi.o
                0x080071f8                USER_SPI_initialize
 .text.USER_SPI_status
                0x080073d0       0x2c ./FATFS/Target/user_diskio_spi.o
                0x080073d0                USER_SPI_status
 .text.USER_SPI_read
                0x080073fc       0xcc ./FATFS/Target/user_diskio_spi.o
                0x080073fc                USER_SPI_read
 .text.USER_SPI_write
                0x080074c8       0xf8 ./FATFS/Target/user_diskio_spi.o
                0x080074c8                USER_SPI_write
 .text.USER_SPI_ioctl
                0x080075c0      0x2e0 ./FATFS/Target/user_diskio_spi.o
                0x080075c0                USER_SPI_ioctl
 .text.uart_error_handler
                0x080078a0        0xc ./Log/erlog.o
 .text.uart_init
                0x080078ac       0x64 ./Log/erlog.o
 .text.erlog_init
                0x08007910       0x36 ./Log/erlog.o
                0x08007910                erlog_init
 .text.erlog_write
                0x08007946       0x24 ./Log/erlog.o
                0x08007946                erlog_write
 .text.erlog_clear
                0x0800796a       0x1e ./Log/erlog.o
                0x0800796a                erlog_clear
 .text.HighPassFilter_init
                0x08007988       0x76 ./MAX30102/filters.o
                0x08007988                HighPassFilter_init
 *fill*         0x080079fe        0x2 
 .text.HighPassFilter_init_with_cutoff
                0x08007a00       0x70 ./MAX30102/filters.o
                0x08007a00                HighPassFilter_init_with_cutoff
 .text.HighPassFilter_process
                0x08007a70       0x64 ./MAX30102/filters.o
                0x08007a70                HighPassFilter_process
 .text.HighPassFilter_reset
                0x08007ad4       0x24 ./MAX30102/filters.o
                0x08007ad4                HighPassFilter_reset
 .text.LowPassFilter_init
                0x08007af8       0x56 ./MAX30102/filters.o
                0x08007af8                LowPassFilter_init
 *fill*         0x08007b4e        0x2 
 .text.LowPassFilter_init_with_cutoff
                0x08007b50       0x68 ./MAX30102/filters.o
                0x08007b50                LowPassFilter_init_with_cutoff
 .text.LowPassFilter_process
                0x08007bb8       0x62 ./MAX30102/filters.o
                0x08007bb8                LowPassFilter_process
 .text.LowPassFilter_reset
                0x08007c1a       0x1c ./MAX30102/filters.o
                0x08007c1a                LowPassFilter_reset
 .text.Differentiator_init
                0x08007c36       0x26 ./MAX30102/filters.o
                0x08007c36                Differentiator_init
 .text.Differentiator_process
                0x08007c5c       0x42 ./MAX30102/filters.o
                0x08007c5c                Differentiator_process
 *fill*         0x08007c9e        0x2 
 .text.processHeartBeat
                0x08007ca0      0x160 ./MAX30102/heartRate.o
                0x08007ca0                processHeartBeat
 .text.checkbeat
                0x08007e00       0xac ./MAX30102/heartRate.o
                0x08007e00                checkbeat
 .text.i2c_error_Handler
                0x08007eac        0xc ./MAX30102/max30102.o
 .text.i2c_init
                0x08007eb8       0x84 ./MAX30102/max30102.o
 .text.max30102_init
                0x08007f3c       0x46 ./MAX30102/max30102.o
                0x08007f3c                max30102_init
 .text.read_register
                0x08007f82       0x4e ./MAX30102/max30102.o
                0x08007f82                read_register
 .text.write_register
                0x08007fd0       0x48 ./MAX30102/max30102.o
                0x08007fd0                write_register
 .text.bitMask  0x08008018       0x50 ./MAX30102/max30102.o
 .text.max30102_enableDIETEMPRDY
                0x08008068       0x1c ./MAX30102/max30102.o
                0x08008068                max30102_enableDIETEMPRDY
 .text.max30102_clear_fifo
                0x08008084       0x2e ./MAX30102/max30102.o
                0x08008084                max30102_clear_fifo
 .text.max30102_set_fifoaverage
                0x080080b2       0x20 ./MAX30102/max30102.o
                0x080080b2                max30102_set_fifoaverage
 *fill*         0x080080d2        0x2 
 .text.max30102_readtemp
                0x080080d4       0xb8 ./MAX30102/max30102.o
                0x080080d4                max30102_readtemp
 .text.max30102_setledmode
                0x0800818c       0x20 ./MAX30102/max30102.o
                0x0800818c                max30102_setledmode
 .text.max30102_setadcrange
                0x080081ac       0x20 ./MAX30102/max30102.o
                0x080081ac                max30102_setadcrange
 .text.max30102_setsamplerate
                0x080081cc       0x20 ./MAX30102/max30102.o
                0x080081cc                max30102_setsamplerate
 .text.max30102_setpulsewidth
                0x080081ec       0x20 ./MAX30102/max30102.o
                0x080081ec                max30102_setpulsewidth
 .text.max30102_enableFIFORollover
                0x0800820c       0x1c ./MAX30102/max30102.o
                0x0800820c                max30102_enableFIFORollover
 .text.max30102_enableSlot
                0x08008228       0x7c ./MAX30102/max30102.o
                0x08008228                max30102_enableSlot
 .text.max30102_set_pulseamplitude
                0x080082a4       0x60 ./MAX30102/max30102.o
                0x080082a4                max30102_set_pulseamplitude
 .text.max30102_softReset
                0x08008304       0x3c ./MAX30102/max30102.o
                0x08008304                max30102_softReset
 .text.max30102_checksamples
                0x08008340      0x1d0 ./MAX30102/max30102.o
                0x08008340                max30102_checksamples
 .text.max30102_safeCheck
                0x08008510       0x52 ./MAX30102/max30102.o
                0x08008510                max30102_safeCheck
 .text.EXTI_Init
                0x08008562       0x20 ./MAX30102/max30102.o
                0x08008562                EXTI_Init
 .text.Spo2AvgProcess
                0x08008582       0x88 ./MAX30102/spo2.o
                0x08008582                Spo2AvgProcess
 *fill*         0x0800860a        0x2 
 .text.average  0x0800860c       0x44 ./MAX30102/spo2.o
                0x0800860c                average
 .text.minimum  0x08008650       0x1e ./MAX30102/spo2.o
                0x08008650                minimum
 .text.maximum  0x0800866e       0x1e ./MAX30102/spo2.o
                0x0800866e                maximum
 .text.initMinMaxAvgStatistic
                0x0800868c       0x32 ./MAX30102/spo2.o
                0x0800868c                initMinMaxAvgStatistic
 *fill*         0x080086be        0x2 
 .text.Spo2AvgInit
                0x080086c0      0x198 ./MAX30102/spo2.o
                0x080086c0                Spo2AvgInit
 .text.disk_status
                0x08008858       0x34 ./Middlewares/Third_Party/FatFs/src/diskio.o
                0x08008858                disk_status
 .text.disk_initialize
                0x0800888c       0x4c ./Middlewares/Third_Party/FatFs/src/diskio.o
                0x0800888c                disk_initialize
 .text.disk_read
                0x080088d8       0x40 ./Middlewares/Third_Party/FatFs/src/diskio.o
                0x080088d8                disk_read
 .text.disk_write
                0x08008918       0x40 ./Middlewares/Third_Party/FatFs/src/diskio.o
                0x08008918                disk_write
 .text.disk_ioctl
                0x08008958       0x3c ./Middlewares/Third_Party/FatFs/src/diskio.o
                0x08008958                disk_ioctl
 .text.ld_word  0x08008994       0x30 ./Middlewares/Third_Party/FatFs/src/ff.o
 .text.ld_dword
                0x080089c4       0x46 ./Middlewares/Third_Party/FatFs/src/ff.o
 .text.st_word  0x08008a0a       0x36 ./Middlewares/Third_Party/FatFs/src/ff.o
 .text.st_dword
                0x08008a40       0x58 ./Middlewares/Third_Party/FatFs/src/ff.o
 .text.mem_cpy  0x08008a98       0x42 ./Middlewares/Third_Party/FatFs/src/ff.o
 .text.mem_set  0x08008ada       0x36 ./Middlewares/Third_Party/FatFs/src/ff.o
 .text.mem_cmp  0x08008b10       0x4e ./Middlewares/Third_Party/FatFs/src/ff.o
 .text.chk_chr  0x08008b5e       0x36 ./Middlewares/Third_Party/FatFs/src/ff.o
 .text.lock_fs  0x08008b94       0x2c ./Middlewares/Third_Party/FatFs/src/ff.o
 .text.unlock_fs
                0x08008bc0       0x36 ./Middlewares/Third_Party/FatFs/src/ff.o
 *fill*         0x08008bf6        0x2 
 .text.chk_lock
                0x08008bf8       0xb8 ./Middlewares/Third_Party/FatFs/src/ff.o
 .text.enq_lock
                0x08008cb0       0x44 ./Middlewares/Third_Party/FatFs/src/ff.o
 .text.inc_lock
                0x08008cf4      0x11c ./Middlewares/Third_Party/FatFs/src/ff.o
 .text.dec_lock
                0x08008e10       0x78 ./Middlewares/Third_Party/FatFs/src/ff.o
 .text.clear_lock
                0x08008e88       0x48 ./Middlewares/Third_Party/FatFs/src/ff.o
 .text.sync_window
                0x08008ed0       0x88 ./Middlewares/Third_Party/FatFs/src/ff.o
 .text.move_window
                0x08008f58       0x5a ./Middlewares/Third_Party/FatFs/src/ff.o
 *fill*         0x08008fb2        0x2 
 .text.sync_fs  0x08008fb4       0xdc ./Middlewares/Third_Party/FatFs/src/ff.o
 .text.clust2sect
                0x08009090       0x3e ./Middlewares/Third_Party/FatFs/src/ff.o
 .text.get_fat  0x080090ce      0x14e ./Middlewares/Third_Party/FatFs/src/ff.o
 .text.put_fat  0x0800921c      0x1d4 ./Middlewares/Third_Party/FatFs/src/ff.o
 .text.remove_chain
                0x080093f0       0xca ./Middlewares/Third_Party/FatFs/src/ff.o
 .text.create_chain
                0x080094ba      0x130 ./Middlewares/Third_Party/FatFs/src/ff.o
 .text.clmt_clust
                0x080095ea       0x68 ./Middlewares/Third_Party/FatFs/src/ff.o
 .text.dir_sdi  0x08009652       0xf6 ./Middlewares/Third_Party/FatFs/src/ff.o
 .text.dir_next
                0x08009748      0x18a ./Middlewares/Third_Party/FatFs/src/ff.o
 .text.dir_alloc
                0x080098d2       0x8e ./Middlewares/Third_Party/FatFs/src/ff.o
 .text.ld_clust
                0x08009960       0x3e ./Middlewares/Third_Party/FatFs/src/ff.o
 .text.st_clust
                0x0800999e       0x40 ./Middlewares/Third_Party/FatFs/src/ff.o
 .text.dir_find
                0x080099de       0xaa ./Middlewares/Third_Party/FatFs/src/ff.o
 .text.dir_register
                0x08009a88       0x64 ./Middlewares/Third_Party/FatFs/src/ff.o
 .text.create_name
                0x08009aec      0x128 ./Middlewares/Third_Party/FatFs/src/ff.o
 .text.follow_path
                0x08009c14       0xe2 ./Middlewares/Third_Party/FatFs/src/ff.o
 .text.get_ldnumber
                0x08009cf6       0x88 ./Middlewares/Third_Party/FatFs/src/ff.o
 *fill*         0x08009d7e        0x2 
 .text.check_fs
                0x08009d80       0xac ./Middlewares/Third_Party/FatFs/src/ff.o
 .text.find_volume
                0x08009e2c      0x4a8 ./Middlewares/Third_Party/FatFs/src/ff.o
 .text.validate
                0x0800a2d4       0x8e ./Middlewares/Third_Party/FatFs/src/ff.o
 *fill*         0x0800a362        0x2 
 .text.f_mount  0x0800a364       0xc8 ./Middlewares/Third_Party/FatFs/src/ff.o
                0x0800a364                f_mount
 .text.f_open   0x0800a42c      0x382 ./Middlewares/Third_Party/FatFs/src/ff.o
                0x0800a42c                f_open
 .text.f_write  0x0800a7ae      0x348 ./Middlewares/Third_Party/FatFs/src/ff.o
                0x0800a7ae                f_write
 .text.f_sync   0x0800aaf6      0x112 ./Middlewares/Third_Party/FatFs/src/ff.o
                0x0800aaf6                f_sync
 .text.f_close  0x0800ac08       0x5e ./Middlewares/Third_Party/FatFs/src/ff.o
                0x0800ac08                f_close
 .text.f_getfree
                0x0800ac66      0x178 ./Middlewares/Third_Party/FatFs/src/ff.o
                0x0800ac66                f_getfree
 *fill*         0x0800adde        0x2 
 .text.FATFS_LinkDriverEx
                0x0800ade0       0x98 ./Middlewares/Third_Party/FatFs/src/ff_gen_drv.o
                0x0800ade0                FATFS_LinkDriverEx
 .text.FATFS_LinkDriver
                0x0800ae78       0x1e ./Middlewares/Third_Party/FatFs/src/ff_gen_drv.o
                0x0800ae78                FATFS_LinkDriver
 .text.ff_cre_syncobj
                0x0800ae96       0x40 ./Middlewares/Third_Party/FatFs/src/option/syscall.o
                0x0800ae96                ff_cre_syncobj
 .text.ff_del_syncobj
                0x0800aed6       0x18 ./Middlewares/Third_Party/FatFs/src/option/syscall.o
                0x0800aed6                ff_del_syncobj
 .text.ff_req_grant
                0x0800aeee       0x2a ./Middlewares/Third_Party/FatFs/src/option/syscall.o
                0x0800aeee                ff_req_grant
 .text.ff_rel_grant
                0x0800af18       0x16 ./Middlewares/Third_Party/FatFs/src/option/syscall.o
                0x0800af18                ff_rel_grant
 .text.makeFreeRtosPriority
                0x0800af2e       0x30 ./Middlewares/Third_Party/FreeRTOS/Source/CMSIS_RTOS/cmsis_os.o
 .text.inHandlerMode
                0x0800af5e       0x24 ./Middlewares/Third_Party/FreeRTOS/Source/CMSIS_RTOS/cmsis_os.o
 .text.osKernelStart
                0x0800af82        0xe ./Middlewares/Third_Party/FreeRTOS/Source/CMSIS_RTOS/cmsis_os.o
                0x0800af82                osKernelStart
 .text.osThreadCreate
                0x0800af90       0x98 ./Middlewares/Third_Party/FreeRTOS/Source/CMSIS_RTOS/cmsis_os.o
                0x0800af90                osThreadCreate
 .text.osDelay  0x0800b028       0x28 ./Middlewares/Third_Party/FreeRTOS/Source/CMSIS_RTOS/cmsis_os.o
                0x0800b028                osDelay
 .text.osSemaphoreCreate
                0x0800b050       0x64 ./Middlewares/Third_Party/FreeRTOS/Source/CMSIS_RTOS/cmsis_os.o
                0x0800b050                osSemaphoreCreate
 .text.osSemaphoreWait
                0x0800b0b4       0x9c ./Middlewares/Third_Party/FreeRTOS/Source/CMSIS_RTOS/cmsis_os.o
                0x0800b0b4                osSemaphoreWait
 .text.osSemaphoreRelease
                0x0800b150       0x6c ./Middlewares/Third_Party/FreeRTOS/Source/CMSIS_RTOS/cmsis_os.o
                0x0800b150                osSemaphoreRelease
 .text.osSemaphoreDelete
                0x0800b1bc       0x26 ./Middlewares/Third_Party/FreeRTOS/Source/CMSIS_RTOS/cmsis_os.o
                0x0800b1bc                osSemaphoreDelete
 .text.vListInitialise
                0x0800b1e2       0x40 ./Middlewares/Third_Party/FreeRTOS/Source/list.o
                0x0800b1e2                vListInitialise
 .text.vListInitialiseItem
                0x0800b222       0x1a ./Middlewares/Third_Party/FreeRTOS/Source/list.o
                0x0800b222                vListInitialiseItem
 .text.vListInsertEnd
                0x0800b23c       0x48 ./Middlewares/Third_Party/FreeRTOS/Source/list.o
                0x0800b23c                vListInsertEnd
 .text.vListInsert
                0x0800b284       0x72 ./Middlewares/Third_Party/FreeRTOS/Source/list.o
                0x0800b284                vListInsert
 .text.uxListRemove
                0x0800b2f6       0x54 ./Middlewares/Third_Party/FreeRTOS/Source/list.o
                0x0800b2f6                uxListRemove
 *fill*         0x0800b34a        0x2 
 .text.xQueueGenericReset
                0x0800b34c       0xd8 ./Middlewares/Third_Party/FreeRTOS/Source/queue.o
                0x0800b34c                xQueueGenericReset
 .text.xQueueGenericCreateStatic
                0x0800b424      0x10e ./Middlewares/Third_Party/FreeRTOS/Source/queue.o
                0x0800b424                xQueueGenericCreateStatic
 .text.xQueueGenericCreate
                0x0800b532       0x86 ./Middlewares/Third_Party/FreeRTOS/Source/queue.o
                0x0800b532                xQueueGenericCreate
 .text.prvInitialiseNewQueue
                0x0800b5b8       0x3e ./Middlewares/Third_Party/FreeRTOS/Source/queue.o
 *fill*         0x0800b5f6        0x2 
 .text.xQueueGenericSend
                0x0800b5f8      0x214 ./Middlewares/Third_Party/FreeRTOS/Source/queue.o
                0x0800b5f8                xQueueGenericSend
 .text.xQueueGiveFromISR
                0x0800b80c      0x130 ./Middlewares/Third_Party/FreeRTOS/Source/queue.o
                0x0800b80c                xQueueGiveFromISR
 .text.xQueueSemaphoreTake
                0x0800b93c      0x230 ./Middlewares/Third_Party/FreeRTOS/Source/queue.o
                0x0800b93c                xQueueSemaphoreTake
 .text.xQueueReceiveFromISR
                0x0800bb6c      0x110 ./Middlewares/Third_Party/FreeRTOS/Source/queue.o
                0x0800bb6c                xQueueReceiveFromISR
 .text.vQueueDelete
                0x0800bc7c       0x4c ./Middlewares/Third_Party/FreeRTOS/Source/queue.o
                0x0800bc7c                vQueueDelete
 .text.prvGetDisinheritPriorityAfterTimeout
                0x0800bcc8       0x30 ./Middlewares/Third_Party/FreeRTOS/Source/queue.o
 .text.prvCopyDataToQueue
                0x0800bcf8       0xd4 ./Middlewares/Third_Party/FreeRTOS/Source/queue.o
 .text.prvCopyDataFromQueue
                0x0800bdcc       0x4c ./Middlewares/Third_Party/FreeRTOS/Source/queue.o
 .text.prvUnlockQueue
                0x0800be18       0xa4 ./Middlewares/Third_Party/FreeRTOS/Source/queue.o
 .text.prvIsQueueEmpty
                0x0800bebc       0x2c ./Middlewares/Third_Party/FreeRTOS/Source/queue.o
 .text.prvIsQueueFull
                0x0800bee8       0x30 ./Middlewares/Third_Party/FreeRTOS/Source/queue.o
 .text.vQueueUnregisterQueue
                0x0800bf18       0x54 ./Middlewares/Third_Party/FreeRTOS/Source/queue.o
                0x0800bf18                vQueueUnregisterQueue
 .text.xTaskCreateStatic
                0x0800bf6c       0xcc ./Middlewares/Third_Party/FreeRTOS/Source/tasks.o
                0x0800bf6c                xTaskCreateStatic
 .text.xTaskCreate
                0x0800c038       0x8a ./Middlewares/Third_Party/FreeRTOS/Source/tasks.o
                0x0800c038                xTaskCreate
 *fill*         0x0800c0c2        0x2 
 .text.prvInitialiseNewTask
                0x0800c0c4      0x144 ./Middlewares/Third_Party/FreeRTOS/Source/tasks.o
 .text.prvAddNewTaskToReadyList
                0x0800c208       0xd4 ./Middlewares/Third_Party/FreeRTOS/Source/tasks.o
 .text.vTaskDelay
                0x0800c2dc       0x70 ./Middlewares/Third_Party/FreeRTOS/Source/tasks.o
                0x0800c2dc                vTaskDelay
 .text.vTaskStartScheduler
                0x0800c34c       0xdc ./Middlewares/Third_Party/FreeRTOS/Source/tasks.o
                0x0800c34c                vTaskStartScheduler
 .text.vTaskSuspendAll
                0x0800c428       0x1c ./Middlewares/Third_Party/FreeRTOS/Source/tasks.o
                0x0800c428                vTaskSuspendAll
 .text.xTaskResumeAll
                0x0800c444      0x140 ./Middlewares/Third_Party/FreeRTOS/Source/tasks.o
                0x0800c444                xTaskResumeAll
 .text.xTaskIncrementTick
                0x0800c584      0x178 ./Middlewares/Third_Party/FreeRTOS/Source/tasks.o
                0x0800c584                xTaskIncrementTick
 .text.vTaskSwitchContext
                0x0800c6fc       0xcc ./Middlewares/Third_Party/FreeRTOS/Source/tasks.o
                0x0800c6fc                vTaskSwitchContext
 .text.vTaskPlaceOnEventList
                0x0800c7c8       0x50 ./Middlewares/Third_Party/FreeRTOS/Source/tasks.o
                0x0800c7c8                vTaskPlaceOnEventList
 .text.xTaskRemoveFromEventList
                0x0800c818       0xcc ./Middlewares/Third_Party/FreeRTOS/Source/tasks.o
                0x0800c818                xTaskRemoveFromEventList
 .text.vTaskInternalSetTimeOutState
                0x0800c8e4       0x2c ./Middlewares/Third_Party/FreeRTOS/Source/tasks.o
                0x0800c8e4                vTaskInternalSetTimeOutState
 .text.xTaskCheckForTimeOut
                0x0800c910       0xd0 ./Middlewares/Third_Party/FreeRTOS/Source/tasks.o
                0x0800c910                xTaskCheckForTimeOut
 .text.vTaskMissedYield
                0x0800c9e0       0x18 ./Middlewares/Third_Party/FreeRTOS/Source/tasks.o
                0x0800c9e0                vTaskMissedYield
 .text.prvIdleTask
                0x0800c9f8       0x30 ./Middlewares/Third_Party/FreeRTOS/Source/tasks.o
 .text.prvInitialiseTaskLists
                0x0800ca28       0x80 ./Middlewares/Third_Party/FreeRTOS/Source/tasks.o
 .text.prvCheckTasksWaitingTermination
                0x0800caa8       0x5c ./Middlewares/Third_Party/FreeRTOS/Source/tasks.o
 .text.prvDeleteTCB
                0x0800cb04       0x6e ./Middlewares/Third_Party/FreeRTOS/Source/tasks.o
 *fill*         0x0800cb72        0x2 
 .text.prvResetNextTaskUnblockTime
                0x0800cb74       0x40 ./Middlewares/Third_Party/FreeRTOS/Source/tasks.o
 .text.xTaskGetSchedulerState
                0x0800cbb4       0x3c ./Middlewares/Third_Party/FreeRTOS/Source/tasks.o
                0x0800cbb4                xTaskGetSchedulerState
 .text.xTaskPriorityInherit
                0x0800cbf0      0x100 ./Middlewares/Third_Party/FreeRTOS/Source/tasks.o
                0x0800cbf0                xTaskPriorityInherit
 .text.xTaskPriorityDisinherit
                0x0800ccf0      0x118 ./Middlewares/Third_Party/FreeRTOS/Source/tasks.o
                0x0800ccf0                xTaskPriorityDisinherit
 .text.vTaskPriorityDisinheritAfterTimeout
                0x0800ce08      0x140 ./Middlewares/Third_Party/FreeRTOS/Source/tasks.o
                0x0800ce08                vTaskPriorityDisinheritAfterTimeout
 .text.pvTaskIncrementMutexHeldCount
                0x0800cf48       0x28 ./Middlewares/Third_Party/FreeRTOS/Source/tasks.o
                0x0800cf48                pvTaskIncrementMutexHeldCount
 .text.prvAddCurrentTaskToDelayedList
                0x0800cf70       0xcc ./Middlewares/Third_Party/FreeRTOS/Source/tasks.o
 .text.pxPortInitialiseStack
                0x0800d03c       0x68 ./Middlewares/Third_Party/FreeRTOS/Source/portable/GCC/ARM_CM7/r0p1/port.o
                0x0800d03c                pxPortInitialiseStack
 .text.prvTaskExitError
                0x0800d0a4       0x64 ./Middlewares/Third_Party/FreeRTOS/Source/portable/GCC/ARM_CM7/r0p1/port.o
 *fill*         0x0800d108        0x8 
 .text.SVC_Handler
                0x0800d110       0x28 ./Middlewares/Third_Party/FreeRTOS/Source/portable/GCC/ARM_CM7/r0p1/port.o
                0x0800d110                SVC_Handler
 .text.prvPortStartFirstTask
                0x0800d138       0x28 ./Middlewares/Third_Party/FreeRTOS/Source/portable/GCC/ARM_CM7/r0p1/port.o
 .text.xPortStartScheduler
                0x0800d160       0xfc ./Middlewares/Third_Party/FreeRTOS/Source/portable/GCC/ARM_CM7/r0p1/port.o
                0x0800d160                xPortStartScheduler
 .text.vPortEnterCritical
                0x0800d25c       0x6c ./Middlewares/Third_Party/FreeRTOS/Source/portable/GCC/ARM_CM7/r0p1/port.o
                0x0800d25c                vPortEnterCritical
 .text.vPortExitCritical
                0x0800d2c8       0x58 ./Middlewares/Third_Party/FreeRTOS/Source/portable/GCC/ARM_CM7/r0p1/port.o
                0x0800d2c8                vPortExitCritical
 .text.PendSV_Handler
                0x0800d320       0x68 ./Middlewares/Third_Party/FreeRTOS/Source/portable/GCC/ARM_CM7/r0p1/port.o
                0x0800d320                PendSV_Handler
 .text.SysTick_Handler
                0x0800d388       0x48 ./Middlewares/Third_Party/FreeRTOS/Source/portable/GCC/ARM_CM7/r0p1/port.o
                0x0800d388                SysTick_Handler
 .text.vPortSetupTimerInterrupt
                0x0800d3d0       0x48 ./Middlewares/Third_Party/FreeRTOS/Source/portable/GCC/ARM_CM7/r0p1/port.o
                0x0800d3d0                vPortSetupTimerInterrupt
 .text.vPortEnableVFP
                0x0800d418       0x14 ./Middlewares/Third_Party/FreeRTOS/Source/portable/GCC/ARM_CM7/r0p1/port.o
 .text.vPortValidateInterruptPriority
                0x0800d42c       0x8c ./Middlewares/Third_Party/FreeRTOS/Source/portable/GCC/ARM_CM7/r0p1/port.o
                0x0800d42c                vPortValidateInterruptPriority
 .text.pvPortMalloc
                0x0800d4b8      0x19c ./Middlewares/Third_Party/FreeRTOS/Source/portable/MemMang/heap_4.o
                0x0800d4b8                pvPortMalloc
 .text.vPortFree
                0x0800d654       0xc0 ./Middlewares/Third_Party/FreeRTOS/Source/portable/MemMang/heap_4.o
                0x0800d654                vPortFree
 .text.prvHeapInit
                0x0800d714       0xc4 ./Middlewares/Third_Party/FreeRTOS/Source/portable/MemMang/heap_4.o
 .text.prvInsertBlockIntoFreeList
                0x0800d7d8       0xb4 ./Middlewares/Third_Party/FreeRTOS/Source/portable/MemMang/heap_4.o
 .text.__cvt    0x0800d88c       0xca /Applications/STM32CubeIDE.app/Contents/Eclipse/plugins/com.st.stm32cube.ide.mcu.externaltools.gnu-tools-for-stm32.12.3.rel1.macos64_1.0.200.202406191456/tools/bin/../lib/gcc/arm-none-eabi/12.3.1/../../../../arm-none-eabi/lib/thumb/v7e-m+fp/hard/libc_nano.a(libc_a-nano-vfprintf_float.o)
                0x0800d88c                __cvt
 .text.__exponent
                0x0800d956       0x74 /Applications/STM32CubeIDE.app/Contents/Eclipse/plugins/com.st.stm32cube.ide.mcu.externaltools.gnu-tools-for-stm32.12.3.rel1.macos64_1.0.200.202406191456/tools/bin/../lib/gcc/arm-none-eabi/12.3.1/../../../../arm-none-eabi/lib/thumb/v7e-m+fp/hard/libc_nano.a(libc_a-nano-vfprintf_float.o)
                0x0800d956                __exponent
 *fill*         0x0800d9ca        0x2 
 .text._printf_float
                0x0800d9cc      0x454 /Applications/STM32CubeIDE.app/Contents/Eclipse/plugins/com.st.stm32cube.ide.mcu.externaltools.gnu-tools-for-stm32.12.3.rel1.macos64_1.0.200.202406191456/tools/bin/../lib/gcc/arm-none-eabi/12.3.1/../../../../arm-none-eabi/lib/thumb/v7e-m+fp/hard/libc_nano.a(libc_a-nano-vfprintf_float.o)
                0x0800d9cc                _printf_float
 .text._printf_common
                0x0800de20       0xda /Applications/STM32CubeIDE.app/Contents/Eclipse/plugins/com.st.stm32cube.ide.mcu.externaltools.gnu-tools-for-stm32.12.3.rel1.macos64_1.0.200.202406191456/tools/bin/../lib/gcc/arm-none-eabi/12.3.1/../../../../arm-none-eabi/lib/thumb/v7e-m+fp/hard/libc_nano.a(libc_a-nano-vfprintf_i.o)
                0x0800de20                _printf_common
 *fill*         0x0800defa        0x2 
 .text._printf_i
                0x0800defc      0x240 /Applications/STM32CubeIDE.app/Contents/Eclipse/plugins/com.st.stm32cube.ide.mcu.externaltools.gnu-tools-for-stm32.12.3.rel1.macos64_1.0.200.202406191456/tools/bin/../lib/gcc/arm-none-eabi/12.3.1/../../../../arm-none-eabi/lib/thumb/v7e-m+fp/hard/libc_nano.a(libc_a-nano-vfprintf_i.o)
                0x0800defc                _printf_i
 .text.sprintf  0x0800e13c       0x40 /Applications/STM32CubeIDE.app/Contents/Eclipse/plugins/com.st.stm32cube.ide.mcu.externaltools.gnu-tools-for-stm32.12.3.rel1.macos64_1.0.200.202406191456/tools/bin/../lib/gcc/arm-none-eabi/12.3.1/../../../../arm-none-eabi/lib/thumb/v7e-m+fp/hard/libc_nano.a(libc_a-sprintf.o)
                0x0800e13c                sprintf
                0x0800e13c                siprintf
 .text.std      0x0800e17c       0x6c /Applications/STM32CubeIDE.app/Contents/Eclipse/plugins/com.st.stm32cube.ide.mcu.externaltools.gnu-tools-for-stm32.12.3.rel1.macos64_1.0.200.202406191456/tools/bin/../lib/gcc/arm-none-eabi/12.3.1/../../../../arm-none-eabi/lib/thumb/v7e-m+fp/hard/libc_nano.a(libc_a-findfp.o)
 .text.stdio_exit_handler
                0x0800e1e8       0x18 /Applications/STM32CubeIDE.app/Contents/Eclipse/plugins/com.st.stm32cube.ide.mcu.externaltools.gnu-tools-for-stm32.12.3.rel1.macos64_1.0.200.202406191456/tools/bin/../lib/gcc/arm-none-eabi/12.3.1/../../../../arm-none-eabi/lib/thumb/v7e-m+fp/hard/libc_nano.a(libc_a-findfp.o)
 .text.cleanup_stdio
                0x0800e200       0x40 /Applications/STM32CubeIDE.app/Contents/Eclipse/plugins/com.st.stm32cube.ide.mcu.externaltools.gnu-tools-for-stm32.12.3.rel1.macos64_1.0.200.202406191456/tools/bin/../lib/gcc/arm-none-eabi/12.3.1/../../../../arm-none-eabi/lib/thumb/v7e-m+fp/hard/libc_nano.a(libc_a-findfp.o)
 .text.global_stdio_init.part.0
                0x0800e240       0x3c /Applications/STM32CubeIDE.app/Contents/Eclipse/plugins/com.st.stm32cube.ide.mcu.externaltools.gnu-tools-for-stm32.12.3.rel1.macos64_1.0.200.202406191456/tools/bin/../lib/gcc/arm-none-eabi/12.3.1/../../../../arm-none-eabi/lib/thumb/v7e-m+fp/hard/libc_nano.a(libc_a-findfp.o)
 .text.__sfp_lock_acquire
                0x0800e27c        0xc /Applications/STM32CubeIDE.app/Contents/Eclipse/plugins/com.st.stm32cube.ide.mcu.externaltools.gnu-tools-for-stm32.12.3.rel1.macos64_1.0.200.202406191456/tools/bin/../lib/gcc/arm-none-eabi/12.3.1/../../../../arm-none-eabi/lib/thumb/v7e-m+fp/hard/libc_nano.a(libc_a-findfp.o)
                0x0800e27c                __sfp_lock_acquire
 .text.__sfp_lock_release
                0x0800e288        0xc /Applications/STM32CubeIDE.app/Contents/Eclipse/plugins/com.st.stm32cube.ide.mcu.externaltools.gnu-tools-for-stm32.12.3.rel1.macos64_1.0.200.202406191456/tools/bin/../lib/gcc/arm-none-eabi/12.3.1/../../../../arm-none-eabi/lib/thumb/v7e-m+fp/hard/libc_nano.a(libc_a-findfp.o)
                0x0800e288                __sfp_lock_release
 .text.__sinit  0x0800e294       0x30 /Applications/STM32CubeIDE.app/Contents/Eclipse/plugins/com.st.stm32cube.ide.mcu.externaltools.gnu-tools-for-stm32.12.3.rel1.macos64_1.0.200.202406191456/tools/bin/../lib/gcc/arm-none-eabi/12.3.1/../../../../arm-none-eabi/lib/thumb/v7e-m+fp/hard/libc_nano.a(libc_a-findfp.o)
                0x0800e294                __sinit
 .text._fwalk_sglue
                0x0800e2c4       0x3c /Applications/STM32CubeIDE.app/Contents/Eclipse/plugins/com.st.stm32cube.ide.mcu.externaltools.gnu-tools-for-stm32.12.3.rel1.macos64_1.0.200.202406191456/tools/bin/../lib/gcc/arm-none-eabi/12.3.1/../../../../arm-none-eabi/lib/thumb/v7e-m+fp/hard/libc_nano.a(libc_a-fwalk.o)
                0x0800e2c4                _fwalk_sglue
 .text._vsnprintf_r
                0x0800e300       0x56 /Applications/STM32CubeIDE.app/Contents/Eclipse/plugins/com.st.stm32cube.ide.mcu.externaltools.gnu-tools-for-stm32.12.3.rel1.macos64_1.0.200.202406191456/tools/bin/../lib/gcc/arm-none-eabi/12.3.1/../../../../arm-none-eabi/lib/thumb/v7e-m+fp/hard/libc_nano.a(libc_a-vsnprintf.o)
                0x0800e300                _vsnprintf_r
                0x0800e300                _vsniprintf_r
 *fill*         0x0800e356        0x2 
 .text.vsnprintf
                0x0800e358       0x1c /Applications/STM32CubeIDE.app/Contents/Eclipse/plugins/com.st.stm32cube.ide.mcu.externaltools.gnu-tools-for-stm32.12.3.rel1.macos64_1.0.200.202406191456/tools/bin/../lib/gcc/arm-none-eabi/12.3.1/../../../../arm-none-eabi/lib/thumb/v7e-m+fp/hard/libc_nano.a(libc_a-vsnprintf.o)
                0x0800e358                vsnprintf
                0x0800e358                vsniprintf
 .text.memset   0x0800e374       0x10 /Applications/STM32CubeIDE.app/Contents/Eclipse/plugins/com.st.stm32cube.ide.mcu.externaltools.gnu-tools-for-stm32.12.3.rel1.macos64_1.0.200.202406191456/tools/bin/../lib/gcc/arm-none-eabi/12.3.1/../../../../arm-none-eabi/lib/thumb/v7e-m+fp/hard/libc_nano.a(libc_a-memset.o)
                0x0800e374                memset
 .text._localeconv_r
                0x0800e384        0x8 /Applications/STM32CubeIDE.app/Contents/Eclipse/plugins/com.st.stm32cube.ide.mcu.externaltools.gnu-tools-for-stm32.12.3.rel1.macos64_1.0.200.202406191456/tools/bin/../lib/gcc/arm-none-eabi/12.3.1/../../../../arm-none-eabi/lib/thumb/v7e-m+fp/hard/libc_nano.a(libc_a-localeconv.o)
                0x0800e384                _localeconv_r
 .text._reclaim_reent
                0x0800e38c       0xac /Applications/STM32CubeIDE.app/Contents/Eclipse/plugins/com.st.stm32cube.ide.mcu.externaltools.gnu-tools-for-stm32.12.3.rel1.macos64_1.0.200.202406191456/tools/bin/../lib/gcc/arm-none-eabi/12.3.1/../../../../arm-none-eabi/lib/thumb/v7e-m+fp/hard/libc_nano.a(libc_a-reent.o)
                0x0800e38c                _reclaim_reent
 .text.__errno  0x0800e438        0xc /Applications/STM32CubeIDE.app/Contents/Eclipse/plugins/com.st.stm32cube.ide.mcu.externaltools.gnu-tools-for-stm32.12.3.rel1.macos64_1.0.200.202406191456/tools/bin/../lib/gcc/arm-none-eabi/12.3.1/../../../../arm-none-eabi/lib/thumb/v7e-m+fp/hard/libc_nano.a(libc_a-errno.o)
                0x0800e438                __errno
 .text.__libc_init_array
                0x0800e444       0x48 /Applications/STM32CubeIDE.app/Contents/Eclipse/plugins/com.st.stm32cube.ide.mcu.externaltools.gnu-tools-for-stm32.12.3.rel1.macos64_1.0.200.202406191456/tools/bin/../lib/gcc/arm-none-eabi/12.3.1/../../../../arm-none-eabi/lib/thumb/v7e-m+fp/hard/libc_nano.a(libc_a-init.o)
                0x0800e444                __libc_init_array
 .text.__retarget_lock_init_recursive
                0x0800e48c        0x2 /Applications/STM32CubeIDE.app/Contents/Eclipse/plugins/com.st.stm32cube.ide.mcu.externaltools.gnu-tools-for-stm32.12.3.rel1.macos64_1.0.200.202406191456/tools/bin/../lib/gcc/arm-none-eabi/12.3.1/../../../../arm-none-eabi/lib/thumb/v7e-m+fp/hard/libc_nano.a(libc_a-lock.o)
                0x0800e48c                __retarget_lock_init_recursive
 .text.__retarget_lock_acquire_recursive
                0x0800e48e        0x2 /Applications/STM32CubeIDE.app/Contents/Eclipse/plugins/com.st.stm32cube.ide.mcu.externaltools.gnu-tools-for-stm32.12.3.rel1.macos64_1.0.200.202406191456/tools/bin/../lib/gcc/arm-none-eabi/12.3.1/../../../../arm-none-eabi/lib/thumb/v7e-m+fp/hard/libc_nano.a(libc_a-lock.o)
                0x0800e48e                __retarget_lock_acquire_recursive
 .text.__retarget_lock_release_recursive
                0x0800e490        0x2 /Applications/STM32CubeIDE.app/Contents/Eclipse/plugins/com.st.stm32cube.ide.mcu.externaltools.gnu-tools-for-stm32.12.3.rel1.macos64_1.0.200.202406191456/tools/bin/../lib/gcc/arm-none-eabi/12.3.1/../../../../arm-none-eabi/lib/thumb/v7e-m+fp/hard/libc_nano.a(libc_a-lock.o)
                0x0800e490                __retarget_lock_release_recursive
 .text.memcpy   0x0800e492       0x1c /Applications/STM32CubeIDE.app/Contents/Eclipse/plugins/com.st.stm32cube.ide.mcu.externaltools.gnu-tools-for-stm32.12.3.rel1.macos64_1.0.200.202406191456/tools/bin/../lib/gcc/arm-none-eabi/12.3.1/../../../../arm-none-eabi/lib/thumb/v7e-m+fp/hard/libc_nano.a(libc_a-memcpy-stub.o)
                0x0800e492                memcpy
 .text.quorem   0x0800e4ae      0x110 /Applications/STM32CubeIDE.app/Contents/Eclipse/plugins/com.st.stm32cube.ide.mcu.externaltools.gnu-tools-for-stm32.12.3.rel1.macos64_1.0.200.202406191456/tools/bin/../lib/gcc/arm-none-eabi/12.3.1/../../../../arm-none-eabi/lib/thumb/v7e-m+fp/hard/libc_nano.a(libc_a-dtoa.o)
 *fill*         0x0800e5be        0x2 
 .text._dtoa_r  0x0800e5c0      0xb88 /Applications/STM32CubeIDE.app/Contents/Eclipse/plugins/com.st.stm32cube.ide.mcu.externaltools.gnu-tools-for-stm32.12.3.rel1.macos64_1.0.200.202406191456/tools/bin/../lib/gcc/arm-none-eabi/12.3.1/../../../../arm-none-eabi/lib/thumb/v7e-m+fp/hard/libc_nano.a(libc_a-dtoa.o)
                0x0800e5c0                _dtoa_r
 .text._free_r  0x0800f148       0x94 /Applications/STM32CubeIDE.app/Contents/Eclipse/plugins/com.st.stm32cube.ide.mcu.externaltools.gnu-tools-for-stm32.12.3.rel1.macos64_1.0.200.202406191456/tools/bin/../lib/gcc/arm-none-eabi/12.3.1/../../../../arm-none-eabi/lib/thumb/v7e-m+fp/hard/libc_nano.a(libc_a-freer.o)
                0x0800f148                _free_r
 .text.__ssputs_r
                0x0800f1dc       0xb6 /Applications/STM32CubeIDE.app/Contents/Eclipse/plugins/com.st.stm32cube.ide.mcu.externaltools.gnu-tools-for-stm32.12.3.rel1.macos64_1.0.200.202406191456/tools/bin/../lib/gcc/arm-none-eabi/12.3.1/../../../../arm-none-eabi/lib/thumb/v7e-m+fp/hard/libc_nano.a(libc_a-nano-svfprintf.o)
                0x0800f1dc                __ssputs_r
 *fill*         0x0800f292        0x2 
 .text._svfprintf_r
                0x0800f294      0x1f8 /Applications/STM32CubeIDE.app/Contents/Eclipse/plugins/com.st.stm32cube.ide.mcu.externaltools.gnu-tools-for-stm32.12.3.rel1.macos64_1.0.200.202406191456/tools/bin/../lib/gcc/arm-none-eabi/12.3.1/../../../../arm-none-eabi/lib/thumb/v7e-m+fp/hard/libc_nano.a(libc_a-nano-svfprintf.o)
                0x0800f294                _svfprintf_r
                0x0800f294                _svfiprintf_r
 .text.malloc   0x0800f48c       0x10 /Applications/STM32CubeIDE.app/Contents/Eclipse/plugins/com.st.stm32cube.ide.mcu.externaltools.gnu-tools-for-stm32.12.3.rel1.macos64_1.0.200.202406191456/tools/bin/../lib/gcc/arm-none-eabi/12.3.1/../../../../arm-none-eabi/lib/thumb/v7e-m+fp/hard/libc_nano.a(libc_a-malloc.o)
                0x0800f48c                malloc
 .text.sbrk_aligned
                0x0800f49c       0x44 /Applications/STM32CubeIDE.app/Contents/Eclipse/plugins/com.st.stm32cube.ide.mcu.externaltools.gnu-tools-for-stm32.12.3.rel1.macos64_1.0.200.202406191456/tools/bin/../lib/gcc/arm-none-eabi/12.3.1/../../../../arm-none-eabi/lib/thumb/v7e-m+fp/hard/libc_nano.a(libc_a-mallocr.o)
 .text._malloc_r
                0x0800f4e0      0x100 /Applications/STM32CubeIDE.app/Contents/Eclipse/plugins/com.st.stm32cube.ide.mcu.externaltools.gnu-tools-for-stm32.12.3.rel1.macos64_1.0.200.202406191456/tools/bin/../lib/gcc/arm-none-eabi/12.3.1/../../../../arm-none-eabi/lib/thumb/v7e-m+fp/hard/libc_nano.a(libc_a-mallocr.o)
                0x0800f4e0                _malloc_r
 .text.__sflush_r
                0x0800f5e0      0x108 /Applications/STM32CubeIDE.app/Contents/Eclipse/plugins/com.st.stm32cube.ide.mcu.externaltools.gnu-tools-for-stm32.12.3.rel1.macos64_1.0.200.202406191456/tools/bin/../lib/gcc/arm-none-eabi/12.3.1/../../../../arm-none-eabi/lib/thumb/v7e-m+fp/hard/libc_nano.a(libc_a-fflush.o)
                0x0800f5e0                __sflush_r
 .text._fflush_r
                0x0800f6e8       0x50 /Applications/STM32CubeIDE.app/Contents/Eclipse/plugins/com.st.stm32cube.ide.mcu.externaltools.gnu-tools-for-stm32.12.3.rel1.macos64_1.0.200.202406191456/tools/bin/../lib/gcc/arm-none-eabi/12.3.1/../../../../arm-none-eabi/lib/thumb/v7e-m+fp/hard/libc_nano.a(libc_a-fflush.o)
                0x0800f6e8                _fflush_r
 .text.__malloc_lock
                0x0800f738        0xc /Applications/STM32CubeIDE.app/Contents/Eclipse/plugins/com.st.stm32cube.ide.mcu.externaltools.gnu-tools-for-stm32.12.3.rel1.macos64_1.0.200.202406191456/tools/bin/../lib/gcc/arm-none-eabi/12.3.1/../../../../arm-none-eabi/lib/thumb/v7e-m+fp/hard/libc_nano.a(libc_a-mlock.o)
                0x0800f738                __malloc_lock
 .text.__malloc_unlock
                0x0800f744        0xc /Applications/STM32CubeIDE.app/Contents/Eclipse/plugins/com.st.stm32cube.ide.mcu.externaltools.gnu-tools-for-stm32.12.3.rel1.macos64_1.0.200.202406191456/tools/bin/../lib/gcc/arm-none-eabi/12.3.1/../../../../arm-none-eabi/lib/thumb/v7e-m+fp/hard/libc_nano.a(libc_a-mlock.o)
                0x0800f744                __malloc_unlock
 .text._Balloc  0x0800f750       0x80 /Applications/STM32CubeIDE.app/Contents/Eclipse/plugins/com.st.stm32cube.ide.mcu.externaltools.gnu-tools-for-stm32.12.3.rel1.macos64_1.0.200.202406191456/tools/bin/../lib/gcc/arm-none-eabi/12.3.1/../../../../arm-none-eabi/lib/thumb/v7e-m+fp/hard/libc_nano.a(libc_a-mprec.o)
                0x0800f750                _Balloc
 .text._Bfree   0x0800f7d0       0x44 /Applications/STM32CubeIDE.app/Contents/Eclipse/plugins/com.st.stm32cube.ide.mcu.externaltools.gnu-tools-for-stm32.12.3.rel1.macos64_1.0.200.202406191456/tools/bin/../lib/gcc/arm-none-eabi/12.3.1/../../../../arm-none-eabi/lib/thumb/v7e-m+fp/hard/libc_nano.a(libc_a-mprec.o)
                0x0800f7d0                _Bfree
 .text.__multadd
                0x0800f814       0x8c /Applications/STM32CubeIDE.app/Contents/Eclipse/plugins/com.st.stm32cube.ide.mcu.externaltools.gnu-tools-for-stm32.12.3.rel1.macos64_1.0.200.202406191456/tools/bin/../lib/gcc/arm-none-eabi/12.3.1/../../../../arm-none-eabi/lib/thumb/v7e-m+fp/hard/libc_nano.a(libc_a-mprec.o)
                0x0800f814                __multadd
 .text.__hi0bits
                0x0800f8a0       0x3e /Applications/STM32CubeIDE.app/Contents/Eclipse/plugins/com.st.stm32cube.ide.mcu.externaltools.gnu-tools-for-stm32.12.3.rel1.macos64_1.0.200.202406191456/tools/bin/../lib/gcc/arm-none-eabi/12.3.1/../../../../arm-none-eabi/lib/thumb/v7e-m+fp/hard/libc_nano.a(libc_a-mprec.o)
                0x0800f8a0                __hi0bits
 .text.__lo0bits
                0x0800f8de       0x5a /Applications/STM32CubeIDE.app/Contents/Eclipse/plugins/com.st.stm32cube.ide.mcu.externaltools.gnu-tools-for-stm32.12.3.rel1.macos64_1.0.200.202406191456/tools/bin/../lib/gcc/arm-none-eabi/12.3.1/../../../../arm-none-eabi/lib/thumb/v7e-m+fp/hard/libc_nano.a(libc_a-mprec.o)
                0x0800f8de                __lo0bits
 .text.__i2b    0x0800f938       0x2c /Applications/STM32CubeIDE.app/Contents/Eclipse/plugins/com.st.stm32cube.ide.mcu.externaltools.gnu-tools-for-stm32.12.3.rel1.macos64_1.0.200.202406191456/tools/bin/../lib/gcc/arm-none-eabi/12.3.1/../../../../arm-none-eabi/lib/thumb/v7e-m+fp/hard/libc_nano.a(libc_a-mprec.o)
                0x0800f938                __i2b
 .text.__multiply
                0x0800f964      0x154 /Applications/STM32CubeIDE.app/Contents/Eclipse/plugins/com.st.stm32cube.ide.mcu.externaltools.gnu-tools-for-stm32.12.3.rel1.macos64_1.0.200.202406191456/tools/bin/../lib/gcc/arm-none-eabi/12.3.1/../../../../arm-none-eabi/lib/thumb/v7e-m+fp/hard/libc_nano.a(libc_a-mprec.o)
                0x0800f964                __multiply
 .text.__pow5mult
                0x0800fab8       0xb4 /Applications/STM32CubeIDE.app/Contents/Eclipse/plugins/com.st.stm32cube.ide.mcu.externaltools.gnu-tools-for-stm32.12.3.rel1.macos64_1.0.200.202406191456/tools/bin/../lib/gcc/arm-none-eabi/12.3.1/../../../../arm-none-eabi/lib/thumb/v7e-m+fp/hard/libc_nano.a(libc_a-mprec.o)
                0x0800fab8                __pow5mult
 .text.__lshift
                0x0800fb6c       0xd8 /Applications/STM32CubeIDE.app/Contents/Eclipse/plugins/com.st.stm32cube.ide.mcu.externaltools.gnu-tools-for-stm32.12.3.rel1.macos64_1.0.200.202406191456/tools/bin/../lib/gcc/arm-none-eabi/12.3.1/../../../../arm-none-eabi/lib/thumb/v7e-m+fp/hard/libc_nano.a(libc_a-mprec.o)
                0x0800fb6c                __lshift
 .text.__mcmp   0x0800fc44       0x36 /Applications/STM32CubeIDE.app/Contents/Eclipse/plugins/com.st.stm32cube.ide.mcu.externaltools.gnu-tools-for-stm32.12.3.rel1.macos64_1.0.200.202406191456/tools/bin/../lib/gcc/arm-none-eabi/12.3.1/../../../../arm-none-eabi/lib/thumb/v7e-m+fp/hard/libc_nano.a(libc_a-mprec.o)
                0x0800fc44                __mcmp
 *fill*         0x0800fc7a        0x2 
 .text.__mdiff  0x0800fc7c      0x128 /Applications/STM32CubeIDE.app/Contents/Eclipse/plugins/com.st.stm32cube.ide.mcu.externaltools.gnu-tools-for-stm32.12.3.rel1.macos64_1.0.200.202406191456/tools/bin/../lib/gcc/arm-none-eabi/12.3.1/../../../../arm-none-eabi/lib/thumb/v7e-m+fp/hard/libc_nano.a(libc_a-mprec.o)
                0x0800fc7c                __mdiff
 .text.__d2b    0x0800fda4       0xb0 /Applications/STM32CubeIDE.app/Contents/Eclipse/plugins/com.st.stm32cube.ide.mcu.externaltools.gnu-tools-for-stm32.12.3.rel1.macos64_1.0.200.202406191456/tools/bin/../lib/gcc/arm-none-eabi/12.3.1/../../../../arm-none-eabi/lib/thumb/v7e-m+fp/hard/libc_nano.a(libc_a-mprec.o)
                0x0800fda4                __d2b
 .text.__sread  0x0800fe54       0x22 /Applications/STM32CubeIDE.app/Contents/Eclipse/plugins/com.st.stm32cube.ide.mcu.externaltools.gnu-tools-for-stm32.12.3.rel1.macos64_1.0.200.202406191456/tools/bin/../lib/gcc/arm-none-eabi/12.3.1/../../../../arm-none-eabi/lib/thumb/v7e-m+fp/hard/libc_nano.a(libc_a-stdio.o)
                0x0800fe54                __sread
 .text.__swrite
                0x0800fe76       0x38 /Applications/STM32CubeIDE.app/Contents/Eclipse/plugins/com.st.stm32cube.ide.mcu.externaltools.gnu-tools-for-stm32.12.3.rel1.macos64_1.0.200.202406191456/tools/bin/../lib/gcc/arm-none-eabi/12.3.1/../../../../arm-none-eabi/lib/thumb/v7e-m+fp/hard/libc_nano.a(libc_a-stdio.o)
                0x0800fe76                __swrite
 .text.__sseek  0x0800feae       0x24 /Applications/STM32CubeIDE.app/Contents/Eclipse/plugins/com.st.stm32cube.ide.mcu.externaltools.gnu-tools-for-stm32.12.3.rel1.macos64_1.0.200.202406191456/tools/bin/../lib/gcc/arm-none-eabi/12.3.1/../../../../arm-none-eabi/lib/thumb/v7e-m+fp/hard/libc_nano.a(libc_a-stdio.o)
                0x0800feae                __sseek
 .text.__sclose
                0x0800fed2        0x8 /Applications/STM32CubeIDE.app/Contents/Eclipse/plugins/com.st.stm32cube.ide.mcu.externaltools.gnu-tools-for-stm32.12.3.rel1.macos64_1.0.200.202406191456/tools/bin/../lib/gcc/arm-none-eabi/12.3.1/../../../../arm-none-eabi/lib/thumb/v7e-m+fp/hard/libc_nano.a(libc_a-stdio.o)
                0x0800fed2                __sclose
 .text._realloc_r
                0x0800feda       0x5c /Applications/STM32CubeIDE.app/Contents/Eclipse/plugins/com.st.stm32cube.ide.mcu.externaltools.gnu-tools-for-stm32.12.3.rel1.macos64_1.0.200.202406191456/tools/bin/../lib/gcc/arm-none-eabi/12.3.1/../../../../arm-none-eabi/lib/thumb/v7e-m+fp/hard/libc_nano.a(libc_a-reallocr.o)
                0x0800feda                _realloc_r
 .text.memmove  0x0800ff36       0x34 /Applications/STM32CubeIDE.app/Contents/Eclipse/plugins/com.st.stm32cube.ide.mcu.externaltools.gnu-tools-for-stm32.12.3.rel1.macos64_1.0.200.202406191456/tools/bin/../lib/gcc/arm-none-eabi/12.3.1/../../../../arm-none-eabi/lib/thumb/v7e-m+fp/hard/libc_nano.a(libc_a-memmove.o)
                0x0800ff36                memmove
 *fill*         0x0800ff6a        0x2 
 .text._close_r
                0x0800ff6c       0x20 /Applications/STM32CubeIDE.app/Contents/Eclipse/plugins/com.st.stm32cube.ide.mcu.externaltools.gnu-tools-for-stm32.12.3.rel1.macos64_1.0.200.202406191456/tools/bin/../lib/gcc/arm-none-eabi/12.3.1/../../../../arm-none-eabi/lib/thumb/v7e-m+fp/hard/libc_nano.a(libc_a-closer.o)
                0x0800ff6c                _close_r
 .text._lseek_r
                0x0800ff8c       0x24 /Applications/STM32CubeIDE.app/Contents/Eclipse/plugins/com.st.stm32cube.ide.mcu.externaltools.gnu-tools-for-stm32.12.3.rel1.macos64_1.0.200.202406191456/tools/bin/../lib/gcc/arm-none-eabi/12.3.1/../../../../arm-none-eabi/lib/thumb/v7e-m+fp/hard/libc_nano.a(libc_a-lseekr.o)
                0x0800ff8c                _lseek_r
 .text._read_r  0x0800ffb0       0x24 /Applications/STM32CubeIDE.app/Contents/Eclipse/plugins/com.st.stm32cube.ide.mcu.externaltools.gnu-tools-for-stm32.12.3.rel1.macos64_1.0.200.202406191456/tools/bin/../lib/gcc/arm-none-eabi/12.3.1/../../../../arm-none-eabi/lib/thumb/v7e-m+fp/hard/libc_nano.a(libc_a-readr.o)
                0x0800ffb0                _read_r
 .text._sbrk_r  0x0800ffd4       0x20 /Applications/STM32CubeIDE.app/Contents/Eclipse/plugins/com.st.stm32cube.ide.mcu.externaltools.gnu-tools-for-stm32.12.3.rel1.macos64_1.0.200.202406191456/tools/bin/../lib/gcc/arm-none-eabi/12.3.1/../../../../arm-none-eabi/lib/thumb/v7e-m+fp/hard/libc_nano.a(libc_a-sbrkr.o)
                0x0800ffd4                _sbrk_r
 .text._write_r
                0x0800fff4       0x24 /Applications/STM32CubeIDE.app/Contents/Eclipse/plugins/com.st.stm32cube.ide.mcu.externaltools.gnu-tools-for-stm32.12.3.rel1.macos64_1.0.200.202406191456/tools/bin/../lib/gcc/arm-none-eabi/12.3.1/../../../../arm-none-eabi/lib/thumb/v7e-m+fp/hard/libc_nano.a(libc_a-writer.o)
                0x0800fff4                _write_r
 .text.__assert_func
                0x08010018       0x3c /Applications/STM32CubeIDE.app/Contents/Eclipse/plugins/com.st.stm32cube.ide.mcu.externaltools.gnu-tools-for-stm32.12.3.rel1.macos64_1.0.200.202406191456/tools/bin/../lib/gcc/arm-none-eabi/12.3.1/../../../../arm-none-eabi/lib/thumb/v7e-m+fp/hard/libc_nano.a(libc_a-assert.o)
                0x08010018                __assert_func
 .text._calloc_r
                0x08010054       0x28 /Applications/STM32CubeIDE.app/Contents/Eclipse/plugins/com.st.stm32cube.ide.mcu.externaltools.gnu-tools-for-stm32.12.3.rel1.macos64_1.0.200.202406191456/tools/bin/../lib/gcc/arm-none-eabi/12.3.1/../../../../arm-none-eabi/lib/thumb/v7e-m+fp/hard/libc_nano.a(libc_a-callocr.o)
                0x08010054                _calloc_r
 .text.__ascii_mbtowc
                0x0801007c       0x24 /Applications/STM32CubeIDE.app/Contents/Eclipse/plugins/com.st.stm32cube.ide.mcu.externaltools.gnu-tools-for-stm32.12.3.rel1.macos64_1.0.200.202406191456/tools/bin/../lib/gcc/arm-none-eabi/12.3.1/../../../../arm-none-eabi/lib/thumb/v7e-m+fp/hard/libc_nano.a(libc_a-mbtowc_r.o)
                0x0801007c                __ascii_mbtowc
 .text._malloc_usable_size_r
                0x080100a0       0x10 /Applications/STM32CubeIDE.app/Contents/Eclipse/plugins/com.st.stm32cube.ide.mcu.externaltools.gnu-tools-for-stm32.12.3.rel1.macos64_1.0.200.202406191456/tools/bin/../lib/gcc/arm-none-eabi/12.3.1/../../../../arm-none-eabi/lib/thumb/v7e-m+fp/hard/libc_nano.a(libc_a-msizer.o)
                0x080100a0                _malloc_usable_size_r
 .text.fprintf  0x080100b0       0x24 /Applications/STM32CubeIDE.app/Contents/Eclipse/plugins/com.st.stm32cube.ide.mcu.externaltools.gnu-tools-for-stm32.12.3.rel1.macos64_1.0.200.202406191456/tools/bin/../lib/gcc/arm-none-eabi/12.3.1/../../../../arm-none-eabi/lib/thumb/v7e-m+fp/hard/libc_nano.a(libc_a-fprintf.o)
                0x080100b0                fprintf
                0x080100b0                fiprintf
 .text.__ascii_wctomb
                0x080100d4       0x1a /Applications/STM32CubeIDE.app/Contents/Eclipse/plugins/com.st.stm32cube.ide.mcu.externaltools.gnu-tools-for-stm32.12.3.rel1.macos64_1.0.200.202406191456/tools/bin/../lib/gcc/arm-none-eabi/12.3.1/../../../../arm-none-eabi/lib/thumb/v7e-m+fp/hard/libc_nano.a(libc_a-wctomb_r.o)
                0x080100d4                __ascii_wctomb
 .text.abort    0x080100ee        0xe /Applications/STM32CubeIDE.app/Contents/Eclipse/plugins/com.st.stm32cube.ide.mcu.externaltools.gnu-tools-for-stm32.12.3.rel1.macos64_1.0.200.202406191456/tools/bin/../lib/gcc/arm-none-eabi/12.3.1/../../../../arm-none-eabi/lib/thumb/v7e-m+fp/hard/libc_nano.a(libc_a-abort.o)
                0x080100ee                abort
 .text.__sfputc_r
                0x080100fc       0x2e /Applications/STM32CubeIDE.app/Contents/Eclipse/plugins/com.st.stm32cube.ide.mcu.externaltools.gnu-tools-for-stm32.12.3.rel1.macos64_1.0.200.202406191456/tools/bin/../lib/gcc/arm-none-eabi/12.3.1/../../../../arm-none-eabi/lib/thumb/v7e-m+fp/hard/libc_nano.a(libc_a-nano-vfprintf.o)
 .text.__sfputs_r
                0x0801012a       0x24 /Applications/STM32CubeIDE.app/Contents/Eclipse/plugins/com.st.stm32cube.ide.mcu.externaltools.gnu-tools-for-stm32.12.3.rel1.macos64_1.0.200.202406191456/tools/bin/../lib/gcc/arm-none-eabi/12.3.1/../../../../arm-none-eabi/lib/thumb/v7e-m+fp/hard/libc_nano.a(libc_a-nano-vfprintf.o)
                0x0801012a                __sfputs_r
 *fill*         0x0801014e        0x2 
 .text._vfprintf_r
                0x08010150      0x230 /Applications/STM32CubeIDE.app/Contents/Eclipse/plugins/com.st.stm32cube.ide.mcu.externaltools.gnu-tools-for-stm32.12.3.rel1.macos64_1.0.200.202406191456/tools/bin/../lib/gcc/arm-none-eabi/12.3.1/../../../../arm-none-eabi/lib/thumb/v7e-m+fp/hard/libc_nano.a(libc_a-nano-vfprintf.o)
                0x08010150                _vfiprintf_r
                0x08010150                _vfprintf_r
 .text.__swbuf_r
                0x08010380       0x7c /Applications/STM32CubeIDE.app/Contents/Eclipse/plugins/com.st.stm32cube.ide.mcu.externaltools.gnu-tools-for-stm32.12.3.rel1.macos64_1.0.200.202406191456/tools/bin/../lib/gcc/arm-none-eabi/12.3.1/../../../../arm-none-eabi/lib/thumb/v7e-m+fp/hard/libc_nano.a(libc_a-wbuf.o)
                0x08010380                __swbuf_r
 .text.__swsetup_r
                0x080103fc       0xac /Applications/STM32CubeIDE.app/Contents/Eclipse/plugins/com.st.stm32cube.ide.mcu.externaltools.gnu-tools-for-stm32.12.3.rel1.macos64_1.0.200.202406191456/tools/bin/../lib/gcc/arm-none-eabi/12.3.1/../../../../arm-none-eabi/lib/thumb/v7e-m+fp/hard/libc_nano.a(libc_a-wsetup.o)
                0x080103fc                __swsetup_r
 .text.__swhatbuf_r
                0x080104a8       0x4c /Applications/STM32CubeIDE.app/Contents/Eclipse/plugins/com.st.stm32cube.ide.mcu.externaltools.gnu-tools-for-stm32.12.3.rel1.macos64_1.0.200.202406191456/tools/bin/../lib/gcc/arm-none-eabi/12.3.1/../../../../arm-none-eabi/lib/thumb/v7e-m+fp/hard/libc_nano.a(libc_a-makebuf.o)
                0x080104a8                __swhatbuf_r
 .text.__smakebuf_r
                0x080104f4       0x78 /Applications/STM32CubeIDE.app/Contents/Eclipse/plugins/com.st.stm32cube.ide.mcu.externaltools.gnu-tools-for-stm32.12.3.rel1.macos64_1.0.200.202406191456/tools/bin/../lib/gcc/arm-none-eabi/12.3.1/../../../../arm-none-eabi/lib/thumb/v7e-m+fp/hard/libc_nano.a(libc_a-makebuf.o)
                0x080104f4                __smakebuf_r
 .text._fstat_r
                0x0801056c       0x24 /Applications/STM32CubeIDE.app/Contents/Eclipse/plugins/com.st.stm32cube.ide.mcu.externaltools.gnu-tools-for-stm32.12.3.rel1.macos64_1.0.200.202406191456/tools/bin/../lib/gcc/arm-none-eabi/12.3.1/../../../../arm-none-eabi/lib/thumb/v7e-m+fp/hard/libc_nano.a(libc_a-fstatr.o)
                0x0801056c                _fstat_r
 .text._isatty_r
                0x08010590       0x20 /Applications/STM32CubeIDE.app/Contents/Eclipse/plugins/com.st.stm32cube.ide.mcu.externaltools.gnu-tools-for-stm32.12.3.rel1.macos64_1.0.200.202406191456/tools/bin/../lib/gcc/arm-none-eabi/12.3.1/../../../../arm-none-eabi/lib/thumb/v7e-m+fp/hard/libc_nano.a(libc_a-isattyr.o)
                0x08010590                _isatty_r
 .text._raise_r
                0x080105b0       0x50 /Applications/STM32CubeIDE.app/Contents/Eclipse/plugins/com.st.stm32cube.ide.mcu.externaltools.gnu-tools-for-stm32.12.3.rel1.macos64_1.0.200.202406191456/tools/bin/../lib/gcc/arm-none-eabi/12.3.1/../../../../arm-none-eabi/lib/thumb/v7e-m+fp/hard/libc_nano.a(libc_a-signal.o)
                0x080105b0                _raise_r
 .text.raise    0x08010600       0x10 /Applications/STM32CubeIDE.app/Contents/Eclipse/plugins/com.st.stm32cube.ide.mcu.externaltools.gnu-tools-for-stm32.12.3.rel1.macos64_1.0.200.202406191456/tools/bin/../lib/gcc/arm-none-eabi/12.3.1/../../../../arm-none-eabi/lib/thumb/v7e-m+fp/hard/libc_nano.a(libc_a-signal.o)
                0x08010600                raise