../Core/Src/main.c:90:6:HAL_GPIO_EXTI_Callback	24	static,ignoring_inline_asm
../Core/Src/main.c:108:6:myprintf	16	static
../Core/Src/main.c:119:6:sd_init	24	static
../Core/Src/main.c:158:6:sd_write	8	static
../Core/Src/main.c:180:6:sd_open	8	static
../Core/Src/main.c:199:5:main	80	static
../Core/Src/main.c:316:6:SystemClock_Config	88	static
../Core/Src/main.c:367:13:MX_GPIO_Init	56	static
../Core/Src/main.c:447:13:MX_SPI1_Init	8	static
../Core/Src/main.c:489:6:log_data	16	static
../Core/Src/main.c:519:6:max30102_acqure	40	static
../Core/Src/main.c:566:6:HAL_TIM_PeriodElapsedCallback	16	static
../Core/Src/main.c:583:6:Error_Handler	4	static,ignoring_inline_asm
